Component: ARM Compiler 5.05 update 2 (build 169) Tool: armlink [4d3601]

==============================================================================

Section Cross References

    startup_stm32f429_439xx.o(RESET) refers to startup_stm32f429_439xx.o(STACK) for __initial_sp
    startup_stm32f429_439xx.o(RESET) refers to startup_stm32f429_439xx.o(.text) for Reset_Handler
    startup_stm32f429_439xx.o(RESET) refers to stm32f4xx_it.o(i.NMI_Handler) for NMI_Handler
    startup_stm32f429_439xx.o(RESET) refers to stm32f4xx_it.o(i.HardFault_Handler) for HardFault_Handler
    startup_stm32f429_439xx.o(RESET) refers to stm32f4xx_it.o(i.MemManage_Handler) for MemManage_Handler
    startup_stm32f429_439xx.o(RESET) refers to stm32f4xx_it.o(i.BusFault_Handler) for BusFault_Handler
    startup_stm32f429_439xx.o(RESET) refers to stm32f4xx_it.o(i.UsageFault_Handler) for UsageFault_Handler
    startup_stm32f429_439xx.o(RESET) refers to stm32f4xx_it.o(i.SVC_Handler) for SVC_Handler
    startup_stm32f429_439xx.o(RESET) refers to stm32f4xx_it.o(i.DebugMon_Handler) for DebugMon_Handler
    startup_stm32f429_439xx.o(RESET) refers to stm32f4xx_it.o(i.PendSV_Handler) for PendSV_Handler
    startup_stm32f429_439xx.o(RESET) refers to stm32f4xx_it.o(i.SysTick_Handler) for SysTick_Handler
    startup_stm32f429_439xx.o(RESET) refers to can1.o(i.CAN1_RX0_IRQHandler) for CAN1_RX0_IRQHandler
    startup_stm32f429_439xx.o(RESET) refers to timer3.o(i.TIM3_IRQHandler) for TIM3_IRQHandler
    startup_stm32f429_439xx.o(.text) refers to system_stm32f4xx.o(i.SystemInit) for SystemInit
    startup_stm32f429_439xx.o(.text) refers to entry.o(.ARM.Collect$$$$00000000) for __main
    system_stm32f4xx.o(i.SystemCoreClockUpdate) refers to system_stm32f4xx.o(.data) for .data
    system_stm32f4xx.o(i.SystemInit) refers to system_stm32f4xx.o(i.SetSysClock) for SetSysClock
    stm32f4xx_adc.o(i.ADC_DeInit) refers to stm32f4xx_rcc.o(i.RCC_APB2PeriphResetCmd) for RCC_APB2PeriphResetCmd
    stm32f4xx_can.o(i.CAN_DeInit) refers to stm32f4xx_rcc.o(i.RCC_APB1PeriphResetCmd) for RCC_APB1PeriphResetCmd
    stm32f4xx_can.o(i.CAN_GetITStatus) refers to stm32f4xx_can.o(i.CheckITStatus) for CheckITStatus
    stm32f4xx_cryp.o(i.CRYP_DeInit) refers to stm32f4xx_rcc.o(i.RCC_AHB2PeriphResetCmd) for RCC_AHB2PeriphResetCmd
    stm32f4xx_cryp_aes.o(i.CRYP_AES_CBC) refers to stm32f4xx_cryp.o(i.CRYP_KeyStructInit) for CRYP_KeyStructInit
    stm32f4xx_cryp_aes.o(i.CRYP_AES_CBC) refers to stm32f4xx_cryp.o(i.CRYP_KeyInit) for CRYP_KeyInit
    stm32f4xx_cryp_aes.o(i.CRYP_AES_CBC) refers to stm32f4xx_cryp.o(i.CRYP_Init) for CRYP_Init
    stm32f4xx_cryp_aes.o(i.CRYP_AES_CBC) refers to stm32f4xx_cryp.o(i.CRYP_IVInit) for CRYP_IVInit
    stm32f4xx_cryp_aes.o(i.CRYP_AES_CBC) refers to stm32f4xx_cryp.o(i.CRYP_FIFOFlush) for CRYP_FIFOFlush
    stm32f4xx_cryp_aes.o(i.CRYP_AES_CBC) refers to stm32f4xx_cryp.o(i.CRYP_Cmd) for CRYP_Cmd
    stm32f4xx_cryp_aes.o(i.CRYP_AES_CBC) refers to stm32f4xx_cryp.o(i.CRYP_GetCmdStatus) for CRYP_GetCmdStatus
    stm32f4xx_cryp_aes.o(i.CRYP_AES_CBC) refers to stm32f4xx_cryp.o(i.CRYP_GetFlagStatus) for CRYP_GetFlagStatus
    stm32f4xx_cryp_aes.o(i.CRYP_AES_CBC) refers to stm32f4xx_cryp.o(i.CRYP_DataIn) for CRYP_DataIn
    stm32f4xx_cryp_aes.o(i.CRYP_AES_CBC) refers to stm32f4xx_cryp.o(i.CRYP_DataOut) for CRYP_DataOut
    stm32f4xx_cryp_aes.o(i.CRYP_AES_CCM) refers to stm32f4xx_cryp.o(i.CRYP_KeyStructInit) for CRYP_KeyStructInit
    stm32f4xx_cryp_aes.o(i.CRYP_AES_CCM) refers to stm32f4xx_cryp.o(i.CRYP_FIFOFlush) for CRYP_FIFOFlush
    stm32f4xx_cryp_aes.o(i.CRYP_AES_CCM) refers to stm32f4xx_cryp.o(i.CRYP_KeyInit) for CRYP_KeyInit
    stm32f4xx_cryp_aes.o(i.CRYP_AES_CCM) refers to stm32f4xx_cryp.o(i.CRYP_IVInit) for CRYP_IVInit
    stm32f4xx_cryp_aes.o(i.CRYP_AES_CCM) refers to stm32f4xx_cryp.o(i.CRYP_Init) for CRYP_Init
    stm32f4xx_cryp_aes.o(i.CRYP_AES_CCM) refers to stm32f4xx_cryp.o(i.CRYP_PhaseConfig) for CRYP_PhaseConfig
    stm32f4xx_cryp_aes.o(i.CRYP_AES_CCM) refers to stm32f4xx_cryp.o(i.CRYP_DataIn) for CRYP_DataIn
    stm32f4xx_cryp_aes.o(i.CRYP_AES_CCM) refers to stm32f4xx_cryp.o(i.CRYP_Cmd) for CRYP_Cmd
    stm32f4xx_cryp_aes.o(i.CRYP_AES_CCM) refers to stm32f4xx_cryp.o(i.CRYP_GetCmdStatus) for CRYP_GetCmdStatus
    stm32f4xx_cryp_aes.o(i.CRYP_AES_CCM) refers to stm32f4xx_cryp.o(i.CRYP_GetFlagStatus) for CRYP_GetFlagStatus
    stm32f4xx_cryp_aes.o(i.CRYP_AES_CCM) refers to stm32f4xx_cryp.o(i.CRYP_DataOut) for CRYP_DataOut
    stm32f4xx_cryp_aes.o(i.CRYP_AES_CTR) refers to stm32f4xx_cryp.o(i.CRYP_KeyStructInit) for CRYP_KeyStructInit
    stm32f4xx_cryp_aes.o(i.CRYP_AES_CTR) refers to stm32f4xx_cryp.o(i.CRYP_KeyInit) for CRYP_KeyInit
    stm32f4xx_cryp_aes.o(i.CRYP_AES_CTR) refers to stm32f4xx_cryp.o(i.CRYP_Init) for CRYP_Init
    stm32f4xx_cryp_aes.o(i.CRYP_AES_CTR) refers to stm32f4xx_cryp.o(i.CRYP_IVInit) for CRYP_IVInit
    stm32f4xx_cryp_aes.o(i.CRYP_AES_CTR) refers to stm32f4xx_cryp.o(i.CRYP_FIFOFlush) for CRYP_FIFOFlush
[...]
    OTG_HS_EP1_IN_IRQHandler                 0x080001db   Thumb Code     0  startup_stm32f429_439xx.o(.text)
    OTG_HS_EP1_OUT_IRQHandler                0x080001db   Thumb Code     0  startup_stm32f429_439xx.o(.text)
    OTG_HS_IRQHandler                        0x080001db   Thumb Code     0  startup_stm32f429_439xx.o(.text)
    OTG_HS_WKUP_IRQHandler                   0x080001db   Thumb Code     0  startup_stm32f429_439xx.o(.text)
    PVD_IRQHandler                           0x080001db   Thumb Code     0  startup_stm32f429_439xx.o(.text)
    RCC_IRQHandler                           0x080001db   Thumb Code     0  startup_stm32f429_439xx.o(.text)
    RTC_Alarm_IRQHandler                     0x080001db   Thumb Code     0  startup_stm32f429_439xx.o(.text)
    RTC_WKUP_IRQHandler                      0x080001db   Thumb Code     0  startup_stm32f429_439xx.o(.text)
    SAI1_IRQHandler                          0x080001db   Thumb Code     0  startup_stm32f429_439xx.o(.text)
    SDIO_IRQHandler                          0x080001db   Thumb Code     0  startup_stm32f429_439xx.o(.text)
    SPI1_IRQHandler                          0x080001db   Thumb Code     0  startup_stm32f429_439xx.o(.text)
    SPI2_IRQHandler                          0x080001db   Thumb Code     0  startup_stm32f429_439xx.o(.text)
    SPI3_IRQHandler                          0x080001db   Thumb Code     0  startup_stm32f429_439xx.o(.text)
    SPI4_IRQHandler                          0x080001db   Thumb Code     0  startup_stm32f429_439xx.o(.text)
    SPI5_IRQHandler                          0x080001db   Thumb Code     0  startup_stm32f429_439xx.o(.text)
    SPI6_IRQHandler                          0x080001db   Thumb Code     0  startup_stm32f429_439xx.o(.text)
    TAMP_STAMP_IRQHandler                    0x080001db   Thumb Code     0  startup_stm32f429_439xx.o(.text)
    TIM1_BRK_TIM9_IRQHandler                 0x080001db   Thumb Code     0  startup_stm32f429_439xx.o(.text)
    TIM1_CC_IRQHandler                       0x080001db   Thumb Code     0  startup_stm32f429_439xx.o(.text)
    TIM1_TRG_COM_TIM11_IRQHandler            0x080001db   Thumb Code     0  startup_stm32f429_439xx.o(.text)
    TIM1_UP_TIM10_IRQHandler                 0x080001db   Thumb Code     0  startup_stm32f429_439xx.o(.text)
    TIM2_IRQHandler                          0x080001db   Thumb Code     0  startup_stm32f429_439xx.o(.text)
    TIM4_IRQHandler                          0x080001db   Thumb Code     0  startup_stm32f429_439xx.o(.text)
    TIM5_IRQHandler                          0x080001db   Thumb Code     0  startup_stm32f429_439xx.o(.text)
    TIM6_DAC_IRQHandler                      0x080001db   Thumb Code     0  startup_stm32f429_439xx.o(.text)
    TIM7_IRQHandler                          0x080001db   Thumb Code     0  startup_stm32f429_439xx.o(.text)
    TIM8_BRK_TIM12_IRQHandler                0x080001db   Thumb Code     0  startup_stm32f429_439xx.o(.text)
    TIM8_CC_IRQHandler                       0x080001db   Thumb Code     0  startup_stm32f429_439xx.o(.text)
    TIM8_TRG_COM_TIM14_IRQHandler            0x080001db   Thumb Code     0  startup_stm32f429_439xx.o(.text)
    TIM8_UP_TIM13_IRQHandler                 0x080001db   Thumb Code     0  startup_stm32f429_439xx.o(.text)
    UART4_IRQHandler                         0x080001db   Thumb Code     0  startup_stm32f429_439xx.o(.text)
    UART5_IRQHandler                         0x080001db   Thumb Code     0  startup_stm32f429_439xx.o(.text)
    UART7_IRQHandler                         0x080001db   Thumb Code     0  startup_stm32f429_439xx.o(.text)
    UART8_IRQHandler                         0x080001db   Thumb Code     0  startup_stm32f429_439xx.o(.text)
    USART1_IRQHandler                        0x080001db   Thumb Code     0  startup_stm32f429_439xx.o(.text)
    USART2_IRQHandler                        0x080001db   Thumb Code     0  startup_stm32f429_439xx.o(.text)
    USART3_IRQHandler                        0x080001db   Thumb Code     0  startup_stm32f429_439xx.o(.text)
    USART6_IRQHandler                        0x080001db   Thumb Code     0  startup_stm32f429_439xx.o(.text)
    WWDG_IRQHandler                          0x080001db   Thumb Code     0  startup_stm32f429_439xx.o(.text)
    __aeabi_memcpy                           0x080001e5   Thumb Code    36  memcpya.o(.text)
    __aeabi_memcpy4                          0x080001e5   Thumb Code     0  memcpya.o(.text)
    __aeabi_memcpy8                          0x080001e5   Thumb Code     0  memcpya.o(.text)
    __aeabi_memset                           0x08000209   Thumb Code    14  memseta.o(.text)
    __aeabi_memset4                          0x08000209   Thumb Code     0  memseta.o(.text)
    __aeabi_memset8                          0x08000209   Thumb Code     0  memseta.o(.text)
    __aeabi_memclr                           0x08000217   Thumb Code     4  memseta.o(.text)
    __aeabi_memclr4                          0x08000217   Thumb Code     0  memseta.o(.text)
    __aeabi_memclr8                          0x08000217   Thumb Code     0  memseta.o(.text)
    _memset$wrapper                          0x0800021b   Thumb Code    18  memseta.o(.text)
    memcmp                                   0x0800022d   Thumb Code    26  memcmp.o(.text)
    __aeabi_uldivmod                         0x08000247   Thumb Code    98  uldiv.o(.text)
    __scatterload                            0x080002a9   Thumb Code    28  init.o(.text)
    __scatterload_rt2                        0x080002a9   Thumb Code     0  init.o(.text)
    __aeabi_llsl                             0x080002cd   Thumb Code    30  llshl.o(.text)
    _ll_shift_l                              0x080002cd   Thumb Code     0  llshl.o(.text)
    __aeabi_llsr                             0x080002eb   Thumb Code    32  llushr.o(.text)
    _ll_ushift_r                             0x080002eb   Thumb Code     0  llushr.o(.text)
    __decompress                             0x0800030b   Thumb Code     0  __dczerorl2.o(.text)
    __decompress1                            0x0800030b   Thumb Code    86  __dczerorl2.o(.text)
    BusFault_Handler                         0x08000361   Thumb Code     2  stm32f4xx_it.o(i.BusFault_Handler)
    CAN1_Init                                0x08000365   Thumb Code   248  can1.o(i.CAN1_Init)
    CAN1_RX0_IRQHandler                      0x08000469   Thumb Code   190  can1.o(i.CAN1_RX0_IRQHandler)
    CAN_DeInit                               0x08000539   Thumb Code    52  stm32f4xx_can.o(i.CAN_DeInit)
    CAN_FilterInit                           0x08000571   Thumb Code   202  stm32f4xx_can.o(i.CAN_FilterInit)
    CAN_ITConfig                             0x08000645   Thumb Code    20  stm32f4xx_can.o(i.CAN_ITConfig)
    CAN_Init                                 0x08000659   Thumb Code   260  stm32f4xx_can.o(i.CAN_Init)
    CAN_Receive                              0x0800075d   Thumb Code   130  stm32f4xx_can.o(i.CAN_Receive)
    CAN_StructInit                           0x080007df   Thumb Code    32  stm32f4xx_can.o(i.CAN_StructInit)
    CAN_Transmit                             0x080007ff   Thumb Code   182  stm32f4xx_can.o(i.CAN_Transmit)
    CANopen_Init                             0x080008b5   Thumb Code    98  bsp_drive_can.o(i.CANopen_Init)
    ConsumerHeartbeatAlarm                   0x08000921   Thumb Code    44  lifegrd.o(i.ConsumerHeartbeatAlarm)
    CopyBits                                 0x0800094d   Thumb Code   160  pdo.o(i.CopyBits)
    DebugMon_Handler                         0x080009ed   Thumb Code     2  stm32f4xx_it.o(i.DebugMon_Handler)
    Debug_USART_Config                       0x080009f1   Thumb Code   142  bsp_debug_usart.o(i.Debug_USART_Config)
    DelAlarm                                 0x08000a89   Thumb Code    60  timer.o(i.DelAlarm)
    GPIO_Init                                0x08000b15   Thumb Code   124  stm32f4xx_gpio.o(i.GPIO_Init)
    GPIO_PinAFConfig                         0x08000b91   Thumb Code    32  stm32f4xx_gpio.o(i.GPIO_PinAFConfig)
    GPIO_ReadInputDataBit                    0x08000bb1   Thumb Code    14  stm32f4xx_gpio.o(i.GPIO_ReadInputDataBit)
    GPIO_ResetBits                           0x08000bbf   Thumb Code     4  stm32f4xx_gpio.o(i.GPIO_ResetBits)
    GPIO_SetBits                             0x08000bc3   Thumb Code     4  stm32f4xx_gpio.o(i.GPIO_SetBits)
    GuardTimeAlarm                           0x08000bc9   Thumb Code   138  lifegrd.o(i.GuardTimeAlarm)
    HardFault_Handler                        0x08000cc9   Thumb Code     2  stm32f4xx_it.o(i.HardFault_Handler)
    Key_GPIO_Config                          0x08000ccd   Thumb Code    48  bsp_key.o(i.Key_GPIO_Config)
    Key_Scan                                 0x08000d05   Thumb Code    38  bsp_key.o(i.Key_Scan)
    LED_GPIO_Config                          0x08000d2d   Thumb Code   134  bsp_led.o(i.LED_GPIO_Config)
    Master_NMT_Manage                        0x08000dc1   Thumb Code   260  bsp_drive_can.o(i.Master_NMT_Manage)
    Master_scanIndexOD                       0x08000ee1   Thumb Code   350  master.o(i.Master_scanIndexOD)
    Master_valueRangeTest                    0x0800104d   Thumb Code    16  master.o(i.Master_valueRangeTest)
    MemManage_Handler                        0x08001061   Thumb Code     2  stm32f4xx_it.o(i.MemManage_Handler)
    NMI_Handler                              0x08001063   Thumb Code     2  stm32f4xx_it.o(i.NMI_Handler)
    NMT_Detect_Slaver_Status                 0x08001065   Thumb Code    28  bsp_drive_can.o(i.NMT_Detect_Slaver_Status)
    NVIC_Init                                0x08001085   Thumb Code    98  misc.o(i.NVIC_Init)
    OnCOB_ID_SyncUpdate                      0x080010ed   Thumb Code    10  sync.o(i.OnCOB_ID_SyncUpdate)
    OnHeartbeatProducerUpdate                0x080010f7   Thumb Code    20  lifegrd.o(i.OnHeartbeatProducerUpdate)
    OnNodeGuardUpdate                        0x0800110b   Thumb Code    20  lifegrd.o(i.OnNodeGuardUpdate)
    OnNumberOfErrorsUpdate                   0x0800111f   Thumb Code    38  emcy.o(i.OnNumberOfErrorsUpdate)
    PDOEventTimerAlarm                       0x08001145   Thumb Code    40  pdo.o(i.PDOEventTimerAlarm)
    PDOInhibitTimerAlarm                     0x0800116d   Thumb Code    42  pdo.o(i.PDOInhibitTimerAlarm)
    PDOInit                                  0x08001199   Thumb Code    80  pdo.o(i.PDOInit)
    PDOStop                                  0x080011ed   Thumb Code   106  pdo.o(i.PDOStop)
    PendSV_Handler                           0x08001257   Thumb Code     2  stm32f4xx_it.o(i.PendSV_Handler)
    ProducerHeartbeatAlarm                   0x08001259   Thumb Code    98  lifegrd.o(i.ProducerHeartbeatAlarm)
    RCC_AHB1PeriphClockCmd                   0x08001309   Thumb Code    22  stm32f4xx_rcc.o(i.RCC_AHB1PeriphClockCmd)
    RCC_APB1PeriphClockCmd                   0x08001325   Thumb Code    22  stm32f4xx_rcc.o(i.RCC_APB1PeriphClockCmd)
    RCC_APB1PeriphResetCmd                   0x08001341   Thumb Code    22  stm32f4xx_rcc.o(i.RCC_APB1PeriphResetCmd)
    RCC_APB2PeriphClockCmd                   0x0800135d   Thumb Code    22  stm32f4xx_rcc.o(i.RCC_APB2PeriphClockCmd)
    RCC_GetClocksFreq                        0x08001379   Thumb Code   148  stm32f4xx_rcc.o(i.RCC_GetClocksFreq)
    Read_Slaver_Parameter                    0x0800141d   Thumb Code    36  bsp_drive_can.o(i.Read_Slaver_Parameter)
    RegisterSetODentryCallBack               0x08001449   Thumb Code    36  objacces.o(i.RegisterSetODentryCallBack)
    SDOTimeoutAlarm                          0x0800146d   Thumb Code   206  sdo.o(i.SDOTimeoutAlarm)
    SDOlineToObjdict                         0x080015d5   Thumb Code   106  sdo.o(i.SDOlineToObjdict)
    SDOtoLine                                0x080016a9   Thumb Code    76  sdo.o(i.SDOtoLine)
    SVC_Handler                              0x08001761   Thumb Code     2  stm32f4xx_it.o(i.SVC_Handler)
    SetAlarm                                 0x08001765   Thumb Code   138  timer.o(i.SetAlarm)
    SyncAlarm                                0x080018cd   Thumb Code     4  sync.o(i.SyncAlarm)
    SysTick_Handler                          0x080018d1   Thumb Code    60  stm32f4xx_it.o(i.SysTick_Handler)
    SysTick_Init                             0x08001911   Thumb Code    52  bsp_systick.o(i.SysTick_Init)
    SystemInit                               0x0800194d   Thumb Code    62  system_stm32f4xx.o(i.SystemInit)
    TIM3_IRQHandler                          0x0800199d   Thumb Code    42  timer3.o(i.TIM3_IRQHandler)
    TIM3_Init                                0x080019d1   Thumb Code   102  timer3.o(i.TIM3_Init)
    TIM_ClearITPendingBit                    0x08001a3d   Thumb Code     6  stm32f4xx_tim.o(i.TIM_ClearITPendingBit)
    TIM_Cmd                                  0x08001a43   Thumb Code    24  stm32f4xx_tim.o(i.TIM_Cmd)
    TIM_GetCounter                           0x08001a5b   Thumb Code     4  stm32f4xx_tim.o(i.TIM_GetCounter)
    TIM_GetFlagStatus                        0x08001a5f   Thumb Code    14  stm32f4xx_tim.o(i.TIM_GetFlagStatus)
    TIM_ITConfig                             0x08001a6d   Thumb Code    20  stm32f4xx_tim.o(i.TIM_ITConfig)
    TIM_SetCounter                           0x08001a81   Thumb Code     4  stm32f4xx_tim.o(i.TIM_SetCounter)
    TIM_TimeBaseInit                         0x08001a85   Thumb Code    96  stm32f4xx_tim.o(i.TIM_TimeBaseInit)
    TPDO_Communication_Parameter_Callback    0x08001b01   Thumb Code   108  pdo.o(i.TPDO_Communication_Parameter_Callback)
    TimeDispatch                             0x08001b6d   Thumb Code   150  timer.o(i.TimeDispatch)
    TimingDelay_Decrement                    0x08001c0d   Thumb Code    16  bsp_systick.o(i.TimingDelay_Decrement)
    Transform_Data                           0x08001c21   Thumb Code   238  bsp_drive_can.o(i.Transform_Data)
    USART_Cmd                                0x08001d9d   Thumb Code    24  stm32f4xx_usart.o(i.USART_Cmd)
    USART_GetFlagStatus                      0x08001db5   Thumb Code    14  stm32f4xx_usart.o(i.USART_GetFlagStatus)
    USART_Init                               0x08001dc5   Thumb Code   180  stm32f4xx_usart.o(i.USART_Init)
    USART_SendData                           0x08001e81   Thumb Code     8  stm32f4xx_usart.o(i.USART_SendData)
    UsageFault_Handler                       0x08001e89   Thumb Code     2  stm32f4xx_it.o(i.UsageFault_Handler)
    Write_Slaver_Parameter                   0x08001e8d   Thumb Code    44  bsp_drive_can.o(i.Write_Slaver_Parameter)
    _RxPDO_EventTimers_Handler               0x08001ec1   Thumb Code     2  pdo.o(i._RxPDO_EventTimers_Handler)
    __0printf$5                              0x08001ec5   Thumb Code    22  printf5.o(i.__0printf$5)
    __1printf$5                              0x08001ec5   Thumb Code     0  printf5.o(i.__0printf$5)
    __2printf                                0x08001ec5   Thumb Code     0  printf5.o(i.__0printf$5)
    __scatterload_copy                       0x08001ee5   Thumb Code    14  handlers.o(i.__scatterload_copy)
    __scatterload_null                       0x08001ef3   Thumb Code     2  handlers.o(i.__scatterload_null)
    __scatterload_zeroinit                   0x08001ef5   Thumb Code    14  handlers.o(i.__scatterload_zeroinit)
    _getODentry                              0x08001f05   Thumb Code   250  objacces.o(i._getODentry)
    _heartbeatError                          0x08002055   Thumb Code     2  lifegrd.o(i._heartbeatError)
    _initialisation                          0x08002057   Thumb Code     2  states.o(i._initialisation)
    _nodeguardError                          0x08002059   Thumb Code     2  lifegrd.o(i._nodeguardError)
    _operational                             0x0800205b   Thumb Code     2  states.o(i._operational)
    _post_SlaveBootup                        0x0800205d   Thumb Code     2  lifegrd.o(i._post_SlaveBootup)
    _post_SlaveStateChange                   0x0800205f   Thumb Code     2  lifegrd.o(i._post_SlaveStateChange)
    _post_TPDO                               0x08002061   Thumb Code     2  sync.o(i._post_TPDO)
    _post_emcy                               0x08002063   Thumb Code     2  emcy.o(i._post_emcy)
    _post_sync                               0x08002065   Thumb Code     2  sync.o(i._post_sync)
    _preOperational                          0x08002067   Thumb Code    16  states.o(i._preOperational)
    _sendPDOevent                            0x08002339   Thumb Code   536  pdo.o(i._sendPDOevent)
    _setODentry                              0x0800262d   Thumb Code   308  objacces.o(i._setODentry)
    _stopped                                 0x080027b5   Thumb Code     2  states.o(i._stopped)
    _storeODSubIndex                         0x080027b7   Thumb Code     2  objacces.o(i._storeODSubIndex)
    accessDictionaryError                    0x080027b9   Thumb Code   304  objacces.o(i.accessDictionaryError)
    buildPDO                                 0x08002a95   Thumb Code   390  pdo.o(i.buildPDO)
    canDispatch                              0x08002d19   Thumb Code   122  states.o(i.canDispatch)
    canSend                                  0x08002d95   Thumb Code    90  can1.o(i.canSend)
    emergencyInit                            0x08002df5   Thumb Code    28  emcy.o(i.emergencyInit)
    emergencyStop                            0x08002e15   Thumb Code     2  emcy.o(i.emergencyStop)
    failedSDO                                0x08002e19   Thumb Code   278  sdo.o(i.failedSDO)
    fputc                                    0x08002fed   Thumb Code    30  bsp_debug_usart.o(i.fputc)
    getElapsedTime                           0x08003011   Thumb Code    30  timer3.o(i.getElapsedTime)
    getNodeId                                0x08003039   Thumb Code     6  states.o(i.getNodeId)
    getSDOfreeLine                           0x08003041   Thumb Code    70  sdo.o(i.getSDOfreeLine)
    getSDOlineOnUse                          0x080030dd   Thumb Code    58  sdo.o(i.getSDOlineOnUse)
    getSDOlineRestBytes                      0x08003117   Thumb Code    30  sdo.o(i.getSDOlineRestBytes)
    heartbeatInit                            0x08003135   Thumb Code   110  lifegrd.o(i.heartbeatInit)
    heartbeatStop                            0x080031b1   Thumb Code    54  lifegrd.o(i.heartbeatStop)
    initSDOline                              0x080031e9   Thumb Code   196  sdo.o(i.initSDOline)
    lifeGuardInit                            0x08003331   Thumb Code    20  lifegrd.o(i.lifeGuardInit)
    lifeGuardStop                            0x08003345   Thumb Code    20  lifegrd.o(i.lifeGuardStop)
    lineToSDO                                0x08003359   Thumb Code   108  sdo.o(i.lineToSDO)
    main                                     0x0800345d   Thumb Code    40  main.o(i.main)
    masterSendNMTnodeguard                   0x08003489   Thumb Code    60  nmtmaster.o(i.masterSendNMTnodeguard)
    masterSendNMTstateChange                 0x08003519   Thumb Code    88  nmtmaster.o(i.masterSendNMTstateChange)
    nodeguardInit                            0x080035c9   Thumb Code   158  lifegrd.o(i.nodeguardInit)
    nodeguardStop                            0x080036d1   Thumb Code    18  lifegrd.o(i.nodeguardStop)
    objdictToSDOline                         0x080036e5   Thumb Code   110  sdo.o(i.objdictToSDOline)
    proceedEMCY                              0x080037ad   Thumb Code    90  emcy.o(i.proceedEMCY)
    proceedNMTstateChange                    0x08003875   Thumb Code   220  nmtslave.o(i.proceedNMTstateChange)
    proceedNODE_GUARD                        0x080039a5   Thumb Code   314  lifegrd.o(i.proceedNODE_GUARD)
    proceedPDO                               0x08003b81   Thumb Code   922  pdo.o(i.proceedPDO)
    proceedSDO                               0x080040b9   Thumb Code 13708  sdo.o(i.proceedSDO)
    proceedSYNC                              0x08007745   Thumb Code    66  sync.o(i.proceedSYNC)
    resetSDO                                 0x080077d9   Thumb Code    24  sdo.o(i.resetSDO)
    resetSDOline                             0x080077f1   Thumb Code    76  sdo.o(i.resetSDOline)
    scanIndexOD                              0x08007885   Thumb Code    20  objacces.o(i.scanIndexOD)
    sendOnePDOevent                          0x08007899   Thumb Code   352  pdo.o(i.sendOnePDOevent)
    sendSDO                                  0x08007b41   Thumb Code   284  sdo.o(i.sendSDO)
    sendSDOabort                             0x08007d39   Thumb Code    98  sdo.o(i.sendSDOabort)
    sendSYNC                                 0x08007de1   Thumb Code    22  sync.o(i.sendSYNC)
    sendSYNCMessage                          0x08007df9   Thumb Code    60  sync.o(i.sendSYNCMessage)
    setNodeId                                0x08007e75   Thumb Code   302  states.o(i.setNodeId)
    setSDOlineRestBytes                      0x08007fed   Thumb Code    46  sdo.o(i.setSDOlineRestBytes)
    setState                                 0x08008089   Thumb Code   174  states.o(i.setState)
    setTimer                                 0x0800813d   Thumb Code    50  timer3.o(i.setTimer)
    slaveSendBootUp                          0x08008179   Thumb Code    68  nmtslave.o(i.slaveSendBootUp)
    startSYNC                                0x08008209   Thumb Code    94  sync.o(i.startSYNC)
    stopSYNC                                 0x08008271   Thumb Code    46  sync.o(i.stopSYNC)
    switchCommunicationState                 0x080082a1   Thumb Code   510  states.o(i.switchCommunicationState)
    Master_iam_a_slave                       0x080085c0   Data           1  master.o(.constdata)
    Master_objdict                           0x080085c4   Data         288  master.o(.constdata)
    Master_firstIndex                        0x080086e4   Data          12  master.o(.constdata)
    Master_lastIndex                         0x080086f0   Data          12  master.o(.constdata)
    Master_ObjdictSize                       0x080086fc   Data           2  master.o(.constdata)
    Region$$Table$$Base                      0x08008e14   Number         0  anon$$obj.o(Region$$Table)
    Region$$Table$$Limit                     0x08008e34   Number         0  anon$$obj.o(Region$$Table)
    SystemCoreClock                          0x20000000   Data           4  system_stm32f4xx.o(.data)
    AHBPrescTable                            0x20000004   Data          16  system_stm32f4xx.o(.data)
    detect_slaverstatus_count                0x20000028   Data           1  bsp_drive_can.o(.data)
    write_para_data_1                        0x2000002a   Data           4  bsp_drive_can.o(.data)
    write_para_data_2                        0x2000002e   Data           4  bsp_drive_can.o(.data)
    read_slaver_parameter                    0x20000032   Data           8  bsp_drive_can.o(.data)
    write_slaver_parameter                   0x2000003a   Data           8  bsp_drive_can.o(.data)
    last_timer_raw                           0x20000044   Data           2  timer.o(.data)
    total_sleep_time                         0x20000048   Data           4  timer.o(.data)
    last_counter_val                         0x20000050   Data           4  timer3.o(.data)
    elapsed_time                             0x20000054   Data           4  timer3.o(.data)
    passageway_detector_cps_left_1_low       0x20000058   Data           2  master.o(.data)
    passageway_detector_cps_left_1_high      0x2000005a   Data           2  master.o(.data)
    passageway_detector_cps_right_1_low      0x2000005c   Data           2  master.o(.data)
    passageway_detector_cps_right_1_high     0x2000005e   Data           2  master.o(.data)
    passageway_detector_cps_left_2_low       0x20000060   Data           2  master.o(.data)
    passageway_detector_cps_left_2_high      0x20000062   Data           2  master.o(.data)
    passageway_detector_cps_right_2_low      0x20000064   Data           2  master.o(.data)
    passageway_detector_cps_right_2_high     0x20000066   Data           2  master.o(.data)
    passageway_detector_cps_left_3_low       0x20000068   Data           2  master.o(.data)
    passageway_detector_cps_left_3_high      0x2000006a   Data           2  master.o(.data)
    passageway_detector_cps_right_3_low      0x2000006c   Data           2  master.o(.data)
    passageway_detector_cps_right_3_high     0x2000006e   Data           2  master.o(.data)
    passageway_detector_cps_left_4_low       0x20000070   Data           2  master.o(.data)
    passageway_detector_cps_left_4_high      0x20000072   Data           2  master.o(.data)
    passageway_detector_cps_right_4_low      0x20000074   Data           2  master.o(.data)
    passageway_detector_cps_right_4_high     0x20000076   Data           2  master.o(.data)
    passageway_alarm_data_channel_left       0x20000078   Data           1  master.o(.data)
    passageway_alarm_data_channel_right      0x20000079   Data           1  master.o(.data)
    passageway_alarm_data_monitor_speed      0x2000007a   Data           2  master.o(.data)
    passageway_fault_data_channel_left       0x2000007c   Data           1  master.o(.data)
    passageway_fault_data_channel_right      0x2000007d   Data           1  master.o(.data)
    passageway_status_data_work              0x2000007e   Data           1  master.o(.data)
    passageway_status_data_monitor           0x2000007f   Data           1  master.o(.data)
    passageway_status_data_preheat_left      0x20000080   Data           1  master.o(.data)
    passageway_status_data_preheat_right     0x20000081   Data           1  master.o(.data)
    passageway_parameter_type_modbus_id      0x20000082   Data           2  master.o(.data)
    passageway_parameter_factory_year_serial_number 0x20000084   Data           4  master.o(.data)
    test_1_test_1_1                          0x20000088   Data           1  master.o(.data)
    test_1_test_1_2                          0x20000089   Data           1  master.o(.data)
    test_1_test_1_3                          0x2000008a   Data           1  master.o(.data)
    test_1_test_1_4                          0x2000008b   Data           1  master.o(.data)
    test_2_test_2_1                          0x2000008c   Data           1  master.o(.data)
    test_2_test_2_2                          0x2000008d   Data           1  master.o(.data)
    test_2_test_2_3                          0x2000008e   Data           1  master.o(.data)
    test_2_test_2_4                          0x2000008f   Data           1  master.o(.data)
    test_3_test_3_1                          0x20000090   Data           1  master.o(.data)
    test_3_test_3_2                          0x20000091   Data           1  master.o(.data)
    test_3_test_3_3                          0x20000092   Data           1  master.o(.data)
    test_3_test_3_4                          0x20000093   Data           1  master.o(.data)
    test_4_test_4_1                          0x20000094   Data           1  master.o(.data)
    test_4_test_4_2                          0x20000095   Data           1  master.o(.data)
    test_4_test_4_3                          0x20000096   Data           1  master.o(.data)
    test_4_test_4_4                          0x20000097   Data           1  master.o(.data)
    Master_bDeviceNodeId                     0x20000098   Data           1  master.o(.data)
    Master_obj1000                           0x2000009c   Data           4  master.o(.data)
    Master_Index1000                         0x200000a0   Data          12  master.o(.data)
    Master_obj1001                           0x200000ac   Data           1  master.o(.data)
    Master_Index1001                         0x200000b0   Data          12  master.o(.data)
    Master_highestSubIndex_obj1003           0x200000bc   Data           1  master.o(.data)
    Master_obj1003                           0x200000c0   Data           4  master.o(.data)
    Master_obj1005                           0x200000c4   Data           4  master.o(.data)
    Master_obj1006                           0x200000c8   Data           4  master.o(.data)
    Master_obj100C                           0x200000cc   Data           2  master.o(.data)
    Master_obj100D                           0x200000ce   Data           1  master.o(.data)
    Master_obj1014                           0x200000d0   Data           4  master.o(.data)
    Master_highestSubIndex_obj1016           0x200000d4   Data           1  master.o(.data)
    Master_obj1016                           0x200000d8   Data           4  master.o(.data)
    Master_obj1017                           0x200000dc   Data           2  master.o(.data)
    Master_Index1017_callbacks               0x200000e0   Data           4  master.o(.data)
    Master_Index1017                         0x200000e4   Data          12  master.o(.data)
    Master_highestSubIndex_obj1018           0x200000f0   Data           1  master.o(.data)
    Master_obj1018_Vendor_ID                 0x200000f4   Data           4  master.o(.data)
    Master_obj1018_Product_Code              0x200000f8   Data           4  master.o(.data)
    Master_obj1018_Revision_Number           0x200000fc   Data           4  master.o(.data)
    Master_obj1018_Serial_Number             0x20000100   Data           4  master.o(.data)
    Master_Index1018                         0x20000104   Data          60  master.o(.data)
    Master_highestSubIndex_obj1280           0x20000140   Data           1  master.o(.data)
    Master_obj1280_COB_ID_Client_to_Server_Transmit_SDO 0x20000144   Data           4  master.o(.data)
    Master_obj1280_COB_ID_Server_to_Client_Receive_SDO 0x20000148   Data           4  master.o(.data)
    Master_obj1280_Node_ID_of_the_SDO_Server 0x2000014c   Data           1  master.o(.data)
    Master_Index1280                         0x20000150   Data          48  master.o(.data)
    Master_highestSubIndex_obj1400           0x20000180   Data           1  master.o(.data)
    Master_obj1400_COB_ID_used_by_PDO        0x20000184   Data           4  master.o(.data)
    Master_obj1400_Transmission_Type         0x20000188   Data           1  master.o(.data)
    Master_obj1400_Inhibit_Time              0x2000018a   Data           2  master.o(.data)
    Master_obj1400_Compatibility_Entry       0x2000018c   Data           1  master.o(.data)
    Master_obj1400_Event_Timer               0x2000018e   Data           2  master.o(.data)
    Master_obj1400_SYNC_start_value          0x20000190   Data           1  master.o(.data)
    Master_Index1400                         0x20000194   Data          84  master.o(.data)
    Master_highestSubIndex_obj1401           0x200001e8   Data           1  master.o(.data)
    Master_obj1401_COB_ID_used_by_PDO        0x200001ec   Data           4  master.o(.data)
    Master_obj1401_Transmission_Type         0x200001f0   Data           1  master.o(.data)
    Master_obj1401_Inhibit_Time              0x200001f2   Data           2  master.o(.data)
    Master_obj1401_Compatibility_Entry       0x200001f4   Data           1  master.o(.data)
    Master_obj1401_Event_Timer               0x200001f6   Data           2  master.o(.data)
    Master_obj1401_SYNC_start_value          0x200001f8   Data           1  master.o(.data)
    Master_Index1401                         0x200001fc   Data          84  master.o(.data)
    Master_highestSubIndex_obj1402           0x20000250   Data           1  master.o(.data)
    Master_obj1402_COB_ID_used_by_PDO        0x20000254   Data           4  master.o(.data)
    Master_obj1402_Transmission_Type         0x20000258   Data           1  master.o(.data)
    Master_obj1402_Inhibit_Time              0x2000025a   Data           2  master.o(.data)
    Master_obj1402_Compatibility_Entry       0x2000025c   Data           1  master.o(.data)
    Master_obj1402_Event_Timer               0x2000025e   Data           2  master.o(.data)
    Master_obj1402_SYNC_start_value          0x20000260   Data           1  master.o(.data)
    Master_Index1402                         0x20000264   Data          84  master.o(.data)
    Master_highestSubIndex_obj1403           0x200002b8   Data           1  master.o(.data)
    Master_obj1403_COB_ID_used_by_PDO        0x200002bc   Data           4  master.o(.data)
    Master_obj1403_Transmission_Type         0x200002c0   Data           1  master.o(.data)
    Master_obj1403_Inhibit_Time              0x200002c2   Data           2  master.o(.data)
    Master_obj1403_Compatibility_Entry       0x200002c4   Data           1  master.o(.data)
    Master_obj1403_Event_Timer               0x200002c6   Data           2  master.o(.data)
    Master_obj1403_SYNC_start_value          0x200002c8   Data           1  master.o(.data)
    Master_Index1403                         0x200002cc   Data          84  master.o(.data)
    Master_highestSubIndex_obj1404           0x20000320   Data           1  master.o(.data)
    Master_obj1404_COB_ID_used_by_PDO        0x20000324   Data           4  master.o(.data)
    Master_obj1404_Transmission_Type         0x20000328   Data           1  master.o(.data)
    Master_obj1404_Inhibit_Time              0x2000032a   Data           2  master.o(.data)
    Master_obj1404_Compatibility_Entry       0x2000032c   Data           1  master.o(.data)
    Master_obj1404_Event_Timer               0x2000032e   Data           2  master.o(.data)
    Master_obj1404_SYNC_start_value          0x20000330   Data           1  master.o(.data)
    Master_Index1404                         0x20000334   Data          84  master.o(.data)
    Master_highestSubIndex_obj1405           0x20000388   Data           1  master.o(.data)
    Master_obj1405_COB_ID_used_by_PDO        0x2000038c   Data           4  master.o(.data)
    Master_obj1405_Transmission_Type         0x20000390   Data           1  master.o(.data)
    Master_obj1405_Inhibit_Time              0x20000392   Data           2  master.o(.data)
    Master_obj1405_Compatibility_Entry       0x20000394   Data           1  master.o(.data)
    Master_obj1405_Event_Timer               0x20000396   Data           2  master.o(.data)
    Master_obj1405_SYNC_start_value          0x20000398   Data           1  master.o(.data)
    Master_Index1405                         0x2000039c   Data          84  master.o(.data)
    Master_highestSubIndex_obj1406           0x200003f0   Data           1  master.o(.data)
    Master_obj1406_COB_ID_used_by_PDO        0x200003f4   Data           4  master.o(.data)
    Master_obj1406_Transmission_Type         0x200003f8   Data           1  master.o(.data)
    Master_obj1406_Inhibit_Time              0x200003fa   Data           2  master.o(.data)
    Master_obj1406_Compatibility_Entry       0x200003fc   Data           1  master.o(.data)
    Master_obj1406_Event_Timer               0x200003fe   Data           2  master.o(.data)
    Master_obj1406_SYNC_start_value          0x20000400   Data           1  master.o(.data)
    Master_Index1406                         0x20000404   Data          84  master.o(.data)
    Master_highestSubIndex_obj1407           0x20000458   Data           1  master.o(.data)
    Master_obj1407_COB_ID_used_by_PDO        0x2000045c   Data           4  master.o(.data)
    Master_obj1407_Transmission_Type         0x20000460   Data           1  master.o(.data)
    Master_obj1407_Inhibit_Time              0x20000462   Data           2  master.o(.data)
    Master_obj1407_Compatibility_Entry       0x20000464   Data           1  master.o(.data)
    Master_obj1407_Event_Timer               0x20000466   Data           2  master.o(.data)
    Master_obj1407_SYNC_start_value          0x20000468   Data           1  master.o(.data)
    Master_Index1407                         0x2000046c   Data          84  master.o(.data)
    Master_highestSubIndex_obj1408           0x200004c0   Data           1  master.o(.data)
    Master_obj1408_COB_ID_used_by_PDO        0x200004c4   Data           4  master.o(.data)
    Master_obj1408_Transmission_Type         0x200004c8   Data           1  master.o(.data)
    Master_obj1408_Inhibit_Time              0x200004ca   Data           2  master.o(.data)
    Master_obj1408_Compatibility_Entry       0x200004cc   Data           1  master.o(.data)
    Master_obj1408_Event_Timer               0x200004ce   Data           2  master.o(.data)
    Master_obj1408_SYNC_start_value          0x200004d0   Data           1  master.o(.data)
    Master_Index1408                         0x200004d4   Data          84  master.o(.data)
    Master_highestSubIndex_obj1409           0x20000528   Data           1  master.o(.data)
    Master_obj1409_COB_ID_used_by_PDO        0x2000052c   Data           4  master.o(.data)
    Master_obj1409_Transmission_Type         0x20000530   Data           1  master.o(.data)
    Master_obj1409_Inhibit_Time              0x20000532   Data           2  master.o(.data)
    Master_obj1409_Compatibility_Entry       0x20000534   Data           1  master.o(.data)
    Master_obj1409_Event_Timer               0x20000536   Data           2  master.o(.data)
    Master_obj1409_SYNC_start_value          0x20000538   Data           1  master.o(.data)
    Master_Index1409                         0x2000053c   Data          84  master.o(.data)
    Master_highestSubIndex_obj140A           0x20000590   Data           1  master.o(.data)
    Master_obj140A_COB_ID_used_by_PDO        0x20000594   Data           4  master.o(.data)
    Master_obj140A_Transmission_Type         0x20000598   Data           1  master.o(.data)
    Master_obj140A_Inhibit_Time              0x2000059a   Data           2  master.o(.data)
    Master_obj140A_Compatibility_Entry       0x2000059c   Data           1  master.o(.data)
    Master_obj140A_Event_Timer               0x2000059e   Data           2  master.o(.data)
    Master_obj140A_SYNC_start_value          0x200005a0   Data           1  master.o(.data)
    Master_Index140A                         0x200005a4   Data          84  master.o(.data)
    Master_highestSubIndex_obj1600           0x200005f8   Data           1  master.o(.data)
    Master_obj1600                           0x200005fc   Data          16  master.o(.data)
    Master_Index1600                         0x2000060c   Data          60  master.o(.data)
    Master_highestSubIndex_obj1601           0x20000648   Data           1  master.o(.data)
    Master_obj1601                           0x2000064c   Data          16  master.o(.data)
    Master_Index1601                         0x2000065c   Data          60  master.o(.data)
    Master_highestSubIndex_obj1602           0x20000698   Data           1  master.o(.data)
    Master_obj1602                           0x2000069c   Data          16  master.o(.data)
    Master_Index1602                         0x200006ac   Data          60  master.o(.data)
    Master_highestSubIndex_obj1603           0x200006e8   Data           1  master.o(.data)
    Master_obj1603                           0x200006ec   Data          16  master.o(.data)
    Master_Index1603                         0x200006fc   Data          60  master.o(.data)
    Master_highestSubIndex_obj1604           0x20000738   Data           1  master.o(.data)
    Master_obj1604                           0x2000073c   Data          12  master.o(.data)
    Master_Index1604                         0x20000748   Data          48  master.o(.data)
    Master_highestSubIndex_obj1605           0x20000778   Data           1  master.o(.data)
    Master_obj1605                           0x2000077c   Data           8  master.o(.data)
    Master_Index1605                         0x20000784   Data          36  master.o(.data)
    Master_highestSubIndex_obj1606           0x200007a8   Data           1  master.o(.data)
    Master_obj1606                           0x200007ac   Data          16  master.o(.data)
    Master_Index1606                         0x200007bc   Data          60  master.o(.data)
    Master_highestSubIndex_obj1607           0x200007f8   Data           1  master.o(.data)
    Master_obj1607                           0x200007fc   Data          16  master.o(.data)
    Master_Index1607                         0x2000080c   Data          60  master.o(.data)
    Master_highestSubIndex_obj1608           0x20000848   Data           1  master.o(.data)
    Master_obj1608                           0x2000084c   Data          16  master.o(.data)
    Master_Index1608                         0x2000085c   Data          60  master.o(.data)
    Master_highestSubIndex_obj1609           0x20000898   Data           1  master.o(.data)
    Master_obj1609                           0x2000089c   Data          16  master.o(.data)
    Master_Index1609                         0x200008ac   Data          60  master.o(.data)
    Master_highestSubIndex_obj160A           0x200008e8   Data           1  master.o(.data)
    Master_obj160A                           0x200008ec   Data          16  master.o(.data)
    Master_Index160A                         0x200008fc   Data          60  master.o(.data)
    Master_highestSubIndex_obj2000           0x20000938   Data           1  master.o(.data)
    Master_Index2000                         0x2000093c   Data         204  master.o(.data)
    Master_highestSubIndex_obj2001           0x20000a08   Data           1  master.o(.data)
    Master_Index2001                         0x20000a0c   Data          48  master.o(.data)
    Master_highestSubIndex_obj2002           0x20000a3c   Data           1  master.o(.data)
    Master_Index2002                         0x20000a40   Data          36  master.o(.data)
    Master_highestSubIndex_obj2003           0x20000a64   Data           1  master.o(.data)
    Master_Index2003                         0x20000a68   Data          60  master.o(.data)
    Master_highestSubIndex_obj2004           0x20000aa4   Data           1  master.o(.data)
    Master_Index2004                         0x20000aa8   Data          36  master.o(.data)
    Master_highestSubIndex_obj2005           0x20000acc   Data           1  master.o(.data)
    Master_Index2005                         0x20000ad0   Data          60  master.o(.data)
    Master_highestSubIndex_obj2006           0x20000b0c   Data           1  master.o(.data)
    Master_Index2006                         0x20000b10   Data          60  master.o(.data)
    Master_highestSubIndex_obj2007           0x20000b4c   Data           1  master.o(.data)
    Master_Index2007                         0x20000b50   Data          60  master.o(.data)
    Master_highestSubIndex_obj2008           0x20000b8c   Data           1  master.o(.data)
    Master_Index2008                         0x20000b90   Data          60  master.o(.data)
    Master_PDO_status                        0x20000bcc   Data          18  master.o(.data)
    Master_Data                              0x20000be0   Data         572  master.o(.data)
    Master_heartBeatTimers                   0x20000e1c   Data           2  master.o(.data)
    __stdout                                 0x20000e20   Data           4  stdout.o(.data)
    systick_time                             0x20000e24   Data          10  variable.o(.bss)
    mainc_rx_slaver_data                     0x20000e30   Data         100  variable.o(.bss)
    timers                                   0x20000e94   Data         192  timer.o(.bss)
    __initial_sp                             0x20001358   Data           0  startup_stm32f429_439xx.o(STACK)



==============================================================================

Memory Map of the image

  Image Entry point : 0x080001ad

  Load Region LR_IROM1 (Base: 0x08000000, Size: 0x00009c58, Max: 0x00100000, ABSOLUTE, COMPRESSED[0x00009264])

    Execution Region ER_IROM1 (Exec base: 0x08000000, Load base: 0x08000000, Size: 0x00008e34, Max: 0x00100000, ABSOLUTE)

    Exec Addr    Load Addr    Size         Type   Attr      Idx    E Section Name        Object

    0x08000000   0x08000000   0x000001ac   Data   RO            3    RESET               startup_stm32f429_439xx.o
    0x080001ac   0x080001ac   0x00000000   Code   RO         6704  * .ARM.Collect$$$$00000000  mc_w.l(entry.o)
    0x080001ac   0x080001ac   0x00000004   Code   RO         6976    .ARM.Collect$$$$00000001  mc_w.l(entry2.o)
    0x080001b0   0x080001b0   0x00000004   Code   RO         6979    .ARM.Collect$$$$00000004  mc_w.l(entry5.o)
    0x080001b4   0x080001b4   0x00000000   Code   RO         6981    .ARM.Collect$$$$00000008  mc_w.l(entry7b.o)
    0x080001b4   0x080001b4   0x00000000   Code   RO         6983    .ARM.Collect$$$$0000000A  mc_w.l(entry8b.o)
    0x080001b4   0x080001b4   0x00000008   Code   RO         6984    .ARM.Collect$$$$0000000B  mc_w.l(entry9a.o)
    0x080001bc   0x080001bc   0x00000000   Code   RO         6986    .ARM.Collect$$$$0000000D  mc_w.l(entry10a.o)
    0x080001bc   0x080001bc   0x00000000   Code   RO         6988    .ARM.Collect$$$$0000000F  mc_w.l(entry11a.o)
    0x080001bc   0x080001bc   0x00000004   Code   RO         6977    .ARM.Collect$$$$00002712  mc_w.l(entry2.o)
    0x080001c0   0x080001c0   0x00000024   Code   RO            4    .text               startup_stm32f429_439xx.o
    0x080001e4   0x080001e4   0x00000024   Code   RO         6707    .text               mc_w.l(memcpya.o)
    0x08000208   0x08000208   0x00000024   Code   RO         6709    .text               mc_w.l(memseta.o)
    0x0800022c   0x0800022c   0x0000001a   Code   RO         6711    .text               mc_w.l(memcmp.o)
    0x08000246   0x08000246   0x00000062   Code   RO         6993    .text               mc_w.l(uldiv.o)
    0x080002a8   0x080002a8   0x00000024   Code   RO         7006    .text               mc_w.l(init.o)
    0x080002cc   0x080002cc   0x0000001e   Code   RO         7008    .text               mc_w.l(llshl.o)
    0x080002ea   0x080002ea   0x00000020   Code   RO         7010    .text               mc_w.l(llushr.o)
    0x0800030a   0x0800030a   0x00000056   Code   RO         7024    .text               mc_w.l(__dczerorl2.o)
    0x08000360   0x08000360   0x00000002   Code   RO         5278    i.BusFault_Handler  stm32f4xx_it.o
    0x08000362   0x08000362   0x00000002   PAD
    0x08000364   0x08000364   0x00000104   Code   RO         6367    i.CAN1_Init         can1.o
    0x08000468   0x08000468   0x000000d0   Code   RO         6368    i.CAN1_RX0_IRQHandler  can1.o
    0x08000538   0x08000538   0x00000038   Code   RO          466    i.CAN_DeInit        stm32f4xx_can.o
    0x08000570   0x08000570   0x000000d4   Code   RO          468    i.CAN_FilterInit    stm32f4xx_can.o
    0x08000644   0x08000644   0x00000014   Code   RO          474    i.CAN_ITConfig      stm32f4xx_can.o
    0x08000658   0x08000658   0x00000104   Code   RO          475    i.CAN_Init          stm32f4xx_can.o
    0x0800075c   0x0800075c   0x00000082   Code   RO          478    i.CAN_Receive       stm32f4xx_can.o
    0x080007de   0x080007de   0x00000020   Code   RO          481    i.CAN_StructInit    stm32f4xx_can.o
    0x080007fe   0x080007fe   0x000000b6   Code   RO          483    i.CAN_Transmit      stm32f4xx_can.o
    0x080008b4   0x080008b4   0x0000006c   Code   RO         5519    i.CANopen_Init      bsp_drive_can.o
    0x08000920   0x08000920   0x0000002c   Code   RO         5690    i.ConsumerHeartbeatAlarm  lifegrd.o
    0x0800094c   0x0800094c   0x000000a0   Code   RO         5891    i.CopyBits          pdo.o
    0x080009ec   0x080009ec   0x00000002   Code   RO         5279    i.DebugMon_Handler  stm32f4xx_it.o
    0x080009ee   0x080009ee   0x00000002   PAD
    0x080009f0   0x080009f0   0x00000098   Code   RO         5353    i.Debug_USART_Config  bsp_debug_usart.o
    0x08000a88   0x08000a88   0x0000008c   Code   RO         6332    i.DelAlarm          timer.o
    0x08000b14   0x08000b14   0x0000007c   Code   RO         2046    i.GPIO_Init         stm32f4xx_gpio.o
    0x08000b90   0x08000b90   0x00000020   Code   RO         2047    i.GPIO_PinAFConfig  stm32f4xx_gpio.o
    0x08000bb0   0x08000bb0   0x0000000e   Code   RO         2050    i.GPIO_ReadInputDataBit  stm32f4xx_gpio.o
    0x08000bbe   0x08000bbe   0x00000004   Code   RO         2053    i.GPIO_ResetBits    stm32f4xx_gpio.o
    0x08000bc2   0x08000bc2   0x00000004   Code   RO         2054    i.GPIO_SetBits      stm32f4xx_gpio.o
    0x08000bc6   0x08000bc6   0x00000002   PAD
    0x08000bc8   0x08000bc8   0x00000100   Code   RO         5691    i.GuardTimeAlarm    lifegrd.o
    0x08000cc8   0x08000cc8   0x00000002   Code   RO         5280    i.HardFault_Handler  stm32f4xx_it.o
    0x08000cca   0x08000cca   0x00000002   PAD
    0x08000ccc   0x08000ccc   0x00000038   Code   RO         5390    i.Key_GPIO_Config   bsp_key.o
    0x08000d04   0x08000d04   0x00000026   Code   RO         5391    i.Key_Scan          bsp_key.o
    0x08000d2a   0x08000d2a   0x00000002   PAD
    0x08000d2c   0x08000d2c   0x00000094   Code   RO         5425    i.LED_GPIO_Config   bsp_led.o
    0x08000dc0   0x08000dc0   0x00000120   Code   RO         5520    i.Master_NMT_Manage  bsp_drive_can.o
    0x08000ee0   0x08000ee0   0x0000016c   Code   RO         6461    i.Master_scanIndexOD  master.o
    0x0800104c   0x0800104c   0x00000014   Code   RO         6462    i.Master_valueRangeTest  master.o
    0x08001060   0x08001060   0x00000002   Code   RO         5281    i.MemManage_Handler  stm32f4xx_it.o
    0x08001062   0x08001062   0x00000002   Code   RO         5282    i.NMI_Handler       stm32f4xx_it.o
    0x08001064   0x08001064   0x00000020   Code   RO         5521    i.NMT_Detect_Slaver_Status  bsp_drive_can.o
    0x08001084   0x08001084   0x00000068   Code   RO          164    i.NVIC_Init         misc.o
    0x080010ec   0x080010ec   0x0000000a   Code   RO         6272    i.OnCOB_ID_SyncUpdate  sync.o
    0x080010f6   0x080010f6   0x00000014   Code   RO         5692    i.OnHeartbeatProducerUpdate  lifegrd.o
    0x0800110a   0x0800110a   0x00000014   Code   RO         5693    i.OnNodeGuardUpdate  lifegrd.o
    0x0800111e   0x0800111e   0x00000026   Code   RO         5638    i.OnNumberOfErrorsUpdate  emcy.o
    0x08001144   0x08001144   0x00000028   Code   RO         5892    i.PDOEventTimerAlarm  pdo.o
    0x0800116c   0x0800116c   0x0000002a   Code   RO         5893    i.PDOInhibitTimerAlarm  pdo.o
    0x08001196   0x08001196   0x00000002   PAD
    0x08001198   0x08001198   0x00000054   Code   RO         5894    i.PDOInit           pdo.o
    0x080011ec   0x080011ec   0x0000006a   Code   RO         5895    i.PDOStop           pdo.o
    0x08001256   0x08001256   0x00000002   Code   RO         5283    i.PendSV_Handler    stm32f4xx_it.o
    0x08001258   0x08001258   0x000000b0   Code   RO         5694    i.ProducerHeartbeatAlarm  lifegrd.o
    0x08001308   0x08001308   0x0000001c   Code   RO         2960    i.RCC_AHB1PeriphClockCmd  stm32f4xx_rcc.o
    0x08001324   0x08001324   0x0000001c   Code   RO         2969    i.RCC_APB1PeriphClockCmd  stm32f4xx_rcc.o
    0x08001340   0x08001340   0x0000001c   Code   RO         2971    i.RCC_APB1PeriphResetCmd  stm32f4xx_rcc.o
    0x0800135c   0x0800135c   0x0000001c   Code   RO         2972    i.RCC_APB2PeriphClockCmd  stm32f4xx_rcc.o
    0x08001378   0x08001378   0x000000a4   Code   RO         2981    i.RCC_GetClocksFreq  stm32f4xx_rcc.o
    0x0800141c   0x0800141c   0x0000002c   Code   RO         5522    i.Read_Slaver_Parameter  bsp_drive_can.o
    0x08001448   0x08001448   0x00000024   Code   RO         5849    i.RegisterSetODentryCallBack  objacces.o
    0x0800146c   0x0800146c   0x00000168   Code   RO         5982    i.SDOTimeoutAlarm   sdo.o
    0x080015d4   0x080015d4   0x000000d4   Code   RO         5983    i.SDOlineToObjdict  sdo.o
    0x080016a8   0x080016a8   0x000000b8   Code   RO         5984    i.SDOtoLine         sdo.o
    0x08001760   0x08001760   0x00000002   Code   RO         5284    i.SVC_Handler       stm32f4xx_it.o
    0x08001762   0x08001762   0x00000002   PAD
    0x08001764   0x08001764   0x00000094   Code   RO         6333    i.SetAlarm          timer.o
    0x080017f8   0x080017f8   0x000000d4   Code   RO           13    i.SetSysClock       system_stm32f4xx.o
    0x080018cc   0x080018cc   0x00000004   Code   RO         6273    i.SyncAlarm         sync.o
    0x080018d0   0x080018d0   0x00000040   Code   RO         5285    i.SysTick_Handler   stm32f4xx_it.o
    0x08001910   0x08001910   0x0000003c   Code   RO         5450    i.SysTick_Init      bsp_systick.o
    0x0800194c   0x0800194c   0x00000050   Code   RO           15    i.SystemInit        system_stm32f4xx.o
    0x0800199c   0x0800199c   0x00000034   Code   RO         6419    i.TIM3_IRQHandler   timer3.o
    0x080019d0   0x080019d0   0x0000006c   Code   RO         6420    i.TIM3_Init         timer3.o
    0x08001a3c   0x08001a3c   0x00000006   Code   RO         4348    i.TIM_ClearITPendingBit  stm32f4xx_tim.o
    0x08001a42   0x08001a42   0x00000018   Code   RO         4353    i.TIM_Cmd           stm32f4xx_tim.o
    0x08001a5a   0x08001a5a   0x00000004   Code   RO         4372    i.TIM_GetCounter    stm32f4xx_tim.o
    0x08001a5e   0x08001a5e   0x0000000e   Code   RO         4373    i.TIM_GetFlagStatus  stm32f4xx_tim.o
    0x08001a6c   0x08001a6c   0x00000014   Code   RO         4378    i.TIM_ITConfig      stm32f4xx_tim.o
    0x08001a80   0x08001a80   0x00000004   Code   RO         4419    i.TIM_SetCounter    stm32f4xx_tim.o
    0x08001a84   0x08001a84   0x0000007c   Code   RO         4425    i.TIM_TimeBaseInit  stm32f4xx_tim.o
    0x08001b00   0x08001b00   0x0000006c   Code   RO         5896    i.TPDO_Communication_Parameter_Callback  pdo.o
    0x08001b6c   0x08001b6c   0x000000a0   Code   RO         6334    i.TimeDispatch      timer.o
    0x08001c0c   0x08001c0c   0x00000014   Code   RO         5451    i.TimingDelay_Decrement  bsp_systick.o
    0x08001c20   0x08001c20   0x0000017c   Code   RO         5523    i.Transform_Data    bsp_drive_can.o
    0x08001d9c   0x08001d9c   0x00000018   Code   RO         4907    i.USART_Cmd         stm32f4xx_usart.o
    0x08001db4   0x08001db4   0x0000000e   Code   RO         4910    i.USART_GetFlagStatus  stm32f4xx_usart.o
    0x08001dc2   0x08001dc2   0x00000002   PAD
    0x08001dc4   0x08001dc4   0x000000bc   Code   RO         4914    i.USART_Init        stm32f4xx_usart.o
    0x08001e80   0x08001e80   0x00000008   Code   RO         4924    i.USART_SendData    stm32f4xx_usart.o
    0x08001e88   0x08001e88   0x00000002   Code   RO         5286    i.UsageFault_Handler  stm32f4xx_it.o
    0x08001e8a   0x08001e8a   0x00000002   PAD
    0x08001e8c   0x08001e8c   0x00000034   Code   RO         5524    i.Write_Slaver_Parameter  bsp_drive_can.o
    0x08001ec0   0x08001ec0   0x00000002   Code   RO         5897    i._RxPDO_EventTimers_Handler  pdo.o
    0x08001ec2   0x08001ec2   0x00000002   PAD
    0x08001ec4   0x08001ec4   0x00000020   Code   RO         6848    i.__0printf$5       mc_w.l(printf5.o)
    0x08001ee4   0x08001ee4   0x0000000e   Code   RO         7018    i.__scatterload_copy  mc_w.l(handlers.o)
    0x08001ef2   0x08001ef2   0x00000002   Code   RO         7019    i.__scatterload_null  mc_w.l(handlers.o)
    0x08001ef4   0x08001ef4   0x0000000e   Code   RO         7020    i.__scatterload_zeroinit  mc_w.l(handlers.o)
    0x08001f02   0x08001f02   0x00000002   PAD
    0x08001f04   0x08001f04   0x00000150   Code   RO         5850    i._getODentry       objacces.o
    0x08002054   0x08002054   0x00000002   Code   RO         5695    i._heartbeatError   lifegrd.o
    0x08002056   0x08002056   0x00000002   Code   RO         6205    i._initialisation   states.o
    0x08002058   0x08002058   0x00000002   Code   RO         5696    i._nodeguardError   lifegrd.o
    0x0800205a   0x0800205a   0x00000002   Code   RO         6206    i._operational      states.o
    0x0800205c   0x0800205c   0x00000002   Code   RO         5697    i._post_SlaveBootup  lifegrd.o
    0x0800205e   0x0800205e   0x00000002   Code   RO         5698    i._post_SlaveStateChange  lifegrd.o
    0x08002060   0x08002060   0x00000002   Code   RO         6274    i._post_TPDO        sync.o
    0x08002062   0x08002062   0x00000002   Code   RO         5639    i._post_emcy        emcy.o
    0x08002064   0x08002064   0x00000002   Code   RO         6275    i._post_sync        sync.o
    0x08002066   0x08002066   0x00000010   Code   RO         6207    i._preOperational   states.o
    0x08002076   0x08002076   0x00000002   PAD
    0x08002078   0x08002078   0x000002c0   Code   RO         6855    i._printf_core      mc_w.l(printf5.o)
    0x08002338   0x08002338   0x000002f4   Code   RO         5898    i._sendPDOevent     pdo.o
    0x0800262c   0x0800262c   0x00000188   Code   RO         5851    i._setODentry       objacces.o
    0x080027b4   0x080027b4   0x00000002   Code   RO         6208    i._stopped          states.o
    0x080027b6   0x080027b6   0x00000002   Code   RO         5852    i._storeODSubIndex  objacces.o
    0x080027b8   0x080027b8   0x000002dc   Code   RO         5853    i.accessDictionaryError  objacces.o
    0x08002a94   0x08002a94   0x00000284   Code   RO         5899    i.buildPDO          pdo.o
    0x08002d18   0x08002d18   0x0000007a   Code   RO         6209    i.canDispatch       states.o
    0x08002d92   0x08002d92   0x00000002   PAD
    0x08002d94   0x08002d94   0x00000060   Code   RO         6371    i.canSend           can1.o
    0x08002df4   0x08002df4   0x00000020   Code   RO         5640    i.emergencyInit     emcy.o
    0x08002e14   0x08002e14   0x00000002   Code   RO         5641    i.emergencyStop     emcy.o
    0x08002e16   0x08002e16   0x00000002   PAD
    0x08002e18   0x08002e18   0x000001d4   Code   RO         5988    i.failedSDO         sdo.o
    0x08002fec   0x08002fec   0x00000024   Code   RO         5355    i.fputc             bsp_debug_usart.o
    0x08003010   0x08003010   0x00000028   Code   RO         6421    i.getElapsedTime    timer3.o
    0x08003038   0x08003038   0x00000006   Code   RO         6210    i.getNodeId         states.o
    0x0800303e   0x0800303e   0x00000002   PAD
    0x08003040   0x08003040   0x0000009c   Code   RO         5990    i.getSDOfreeLine    sdo.o
    0x080030dc   0x080030dc   0x0000003a   Code   RO         5991    i.getSDOlineOnUse   sdo.o
    0x08003116   0x08003116   0x0000001e   Code   RO         5992    i.getSDOlineRestBytes  sdo.o
    0x08003134   0x08003134   0x0000007c   Code   RO         5700    i.heartbeatInit     lifegrd.o
    0x080031b0   0x080031b0   0x00000036   Code   RO         5701    i.heartbeatStop     lifegrd.o
    0x080031e6   0x080031e6   0x00000002   PAD
    0x080031e8   0x080031e8   0x00000148   Code   RO         5995    i.initSDOline       sdo.o
    0x08003330   0x08003330   0x00000014   Code   RO         5702    i.lifeGuardInit     lifegrd.o
    0x08003344   0x08003344   0x00000014   Code   RO         5703    i.lifeGuardStop     lifegrd.o
    0x08003358   0x08003358   0x00000104   Code   RO         5996    i.lineToSDO         sdo.o
    0x0800345c   0x0800345c   0x0000002c   Code   RO         5161    i.main              main.o
    0x08003488   0x08003488   0x00000090   Code   RO         5808    i.masterSendNMTnodeguard  nmtmaster.o
    0x08003518   0x08003518   0x000000b0   Code   RO         5809    i.masterSendNMTstateChange  nmtmaster.o
    0x080035c8   0x080035c8   0x00000108   Code   RO         5704    i.nodeguardInit     lifegrd.o
    0x080036d0   0x080036d0   0x00000012   Code   RO         5705    i.nodeguardStop     lifegrd.o
    0x080036e2   0x080036e2   0x00000002   PAD
    0x080036e4   0x080036e4   0x000000c8   Code   RO         5997    i.objdictToSDOline  sdo.o
    0x080037ac   0x080037ac   0x000000c8   Code   RO         5642    i.proceedEMCY       emcy.o
    0x08003874   0x08003874   0x00000130   Code   RO         5831    i.proceedNMTstateChange  nmtslave.o
    0x080039a4   0x080039a4   0x000001dc   Code   RO         5706    i.proceedNODE_GUARD  lifegrd.o
    0x08003b80   0x08003b80   0x00000538   Code   RO         5900    i.proceedPDO        pdo.o
    0x080040b8   0x080040b8   0x0000368c   Code   RO         5998    i.proceedSDO        sdo.o
    0x08007744   0x08007744   0x00000094   Code   RO         6276    i.proceedSYNC       sync.o
    0x080077d8   0x080077d8   0x00000018   Code   RO         6002    i.resetSDO          sdo.o
    0x080077f0   0x080077f0   0x00000094   Code   RO         6003    i.resetSDOline      sdo.o
    0x08007884   0x08007884   0x00000014   Code   RO         5854    i.scanIndexOD       objacces.o
    0x08007898   0x08007898   0x000001f4   Code   RO         5901    i.sendOnePDOevent   pdo.o
    0x08007a8c   0x08007a8c   0x000000b4   Code   RO         5904    i.sendPdo           pdo.o
    0x08007b40   0x08007b40   0x000001f8   Code   RO         6004    i.sendSDO           sdo.o
    0x08007d38   0x08007d38   0x000000a8   Code   RO         6005    i.sendSDOabort      sdo.o
    0x08007de0   0x08007de0   0x00000016   Code   RO         6277    i.sendSYNC          sync.o
    0x08007df6   0x08007df6   0x00000002   PAD
    0x08007df8   0x08007df8   0x0000007c   Code   RO         6278    i.sendSYNCMessage   sync.o
    0x08007e74   0x08007e74   0x00000178   Code   RO         6212    i.setNodeId         states.o
    0x08007fec   0x08007fec   0x0000009c   Code   RO         6006    i.setSDOlineRestBytes  sdo.o
    0x08008088   0x08008088   0x000000b4   Code   RO         6213    i.setState          states.o
    0x0800813c   0x0800813c   0x0000003c   Code   RO         6422    i.setTimer          timer3.o
    0x08008178   0x08008178   0x00000090   Code   RO         5832    i.slaveSendBootUp   nmtslave.o
    0x08008208   0x08008208   0x00000068   Code   RO         6279    i.startSYNC         sync.o
    0x08008270   0x08008270   0x0000002e   Code   RO         6280    i.stopSYNC          sync.o
    0x0800829e   0x0800829e   0x00000002   PAD
    0x080082a0   0x080082a0   0x000002e0   Code   RO         6214    i.switchCommunicationState  states.o
    0x08008580   0x08008580   0x00000040   Data   RO         6215    .constdata          states.o
    0x080085c0   0x080085c0   0x00000001   Data   RO         6463    .constdata          master.o
    0x080085c1   0x080085c1   0x00000003   PAD
    0x080085c4   0x080085c4   0x00000120   Data   RO         6464    .constdata          master.o
    0x080086e4   0x080086e4   0x0000000c   Data   RO         6465    .constdata          master.o
    0x080086f0   0x080086f0   0x0000000c   Data   RO         6466    .constdata          master.o
    0x080086fc   0x080086fc   0x00000002   Data   RO         6467    .constdata          master.o
    0x080086fe   0x080086fe   0x00000002   PAD
    0x08008700   0x08008700   0x00000044   Data   RO         5905    .conststring        pdo.o
    0x08008744   0x08008744   0x000006ce   Data   RO         6010    .conststring        sdo.o
    0x08008e12   0x08008e12   0x00000002   PAD
    0x08008e14   0x08008e14   0x00000020   Data   RO         7016    Region$$Table       anon$$obj.o


    Execution Region RW_IRAM1 (Exec base: 0x20000000, Load base: 0x08008e34, Size: 0x00001358, Max: 0x00030000, ABSOLUTE, COMPRESSED[0x00000430])

    Exec Addr    Load Addr    Size         Type   Attr      Idx    E Section Name        Object

    0x20000000   COMPRESSED   0x00000014   Data   RW           16    .data               system_stm32f4xx.o
    0x20000014   COMPRESSED   0x00000010   Data   RW         3013    .data               stm32f4xx_rcc.o
    0x20000024   COMPRESSED   0x00000004   Data   RW         5452    .data               bsp_systick.o
    0x20000028   COMPRESSED   0x0000001a   Data   RW         5525    .data               bsp_drive_can.o
    0x20000042   COMPRESSED   0x00000002   PAD
    0x20000044   COMPRESSED   0x00000008   Data   RW         6336    .data               timer.o
    0x2000004c   COMPRESSED   0x00000004   Data   RW         6373    .data               can1.o
    0x20000050   COMPRESSED   0x00000008   Data   RW         6423    .data               timer3.o
    0x20000058   COMPRESSED   0x00000002   Data   RW         6468    .data               master.o
    0x2000005a   COMPRESSED   0x00000002   Data   RW         6469    .data               master.o
    0x2000005c   COMPRESSED   0x00000002   Data   RW         6470    .data               master.o
    0x2000005e   COMPRESSED   0x00000002   Data   RW         6471    .data               master.o
    0x20000060   COMPRESSED   0x00000002   Data   RW         6472    .data               master.o
    0x20000062   COMPRESSED   0x00000002   Data   RW         6473    .data               master.o
    0x20000064   COMPRESSED   0x00000002   Data   RW         6474    .data               master.o
    0x20000066   COMPRESSED   0x00000002   Data   RW         6475    .data               master.o
    0x20000068   COMPRESSED   0x00000002   Data   RW         6476    .data               master.o
    0x2000006a   COMPRESSED   0x00000002   Data   RW         6477    .data               master.o
    0x2000006c   COMPRESSED   0x00000002   Data   RW         6478    .data               master.o
    0x2000006e   COMPRESSED   0x00000002   Data   RW         6479    .data               master.o
    0x20000070   COMPRESSED   0x00000002   Data   RW         6480    .data               master.o
    0x20000072   COMPRESSED   0x00000002   Data   RW         6481    .data               master.o
    0x20000074   COMPRESSED   0x00000002   Data   RW         6482    .data               master.o
    0x20000076   COMPRESSED   0x00000002   Data   RW         6483    .data               master.o
    0x20000078   COMPRESSED   0x00000001   Data   RW         6484    .data               master.o
    0x20000079   COMPRESSED   0x00000001   Data   RW         6485    .data               master.o
    0x2000007a   COMPRESSED   0x00000002   Data   RW         6486    .data               master.o
    0x2000007c   COMPRESSED   0x00000001   Data   RW         6487    .data               master.o
    0x2000007d   COMPRESSED   0x00000001   Data   RW         6488    .data               master.o
    0x2000007e   COMPRESSED   0x00000001   Data   RW         6489    .data               master.o
    0x2000007f   COMPRESSED   0x00000001   Data   RW         6490    .data               master.o
    0x20000080   COMPRESSED   0x00000001   Data   RW         6491    .data               master.o
    0x20000081   COMPRESSED   0x00000001   Data   RW         6492    .data               master.o
    0x20000082   COMPRESSED   0x00000002   Data   RW         6493    .data               master.o
    0x20000084   COMPRESSED   0x00000004   Data   RW         6494    .data               master.o
    0x20000088   COMPRESSED   0x00000001   Data   RW         6495    .data               master.o
    0x20000089   COMPRESSED   0x00000001   Data   RW         6496    .data               master.o
    0x2000008a   COMPRESSED   0x00000001   Data   RW         6497    .data               master.o
    0x2000008b   COMPRESSED   0x00000001   Data   RW         6498    .data               master.o
    0x2000008c   COMPRESSED   0x00000001   Data   RW         6499    .data               master.o
    0x2000008d   COMPRESSED   0x00000001   Data   RW         6500    .data               master.o
    0x2000008e   COMPRESSED   0x00000001   Data   RW         6501    .data               master.o
    0x2000008f   COMPRESSED   0x00000001   Data   RW         6502    .data               master.o
    0x20000090   COMPRESSED   0x00000001   Data   RW         6503    .data               master.o
    0x20000091   COMPRESSED   0x00000001   Data   RW         6504    .data               master.o
    0x20000092   COMPRESSED   0x00000001   Data   RW         6505    .data               master.o
    0x20000093   COMPRESSED   0x00000001   Data   RW         6506    .data               master.o
    0x20000094   COMPRESSED   0x00000001   Data   RW         6507    .data               master.o
    0x20000095   COMPRESSED   0x00000001   Data   RW         6508    .data               master.o
    0x20000096   COMPRESSED   0x00000001   Data   RW         6509    .data               master.o
    0x20000097   COMPRESSED   0x00000001   Data   RW         6510    .data               master.o
    0x20000098   COMPRESSED   0x00000001   Data   RW         6511    .data               master.o
    0x20000099   COMPRESSED   0x00000003   PAD
    0x2000009c   COMPRESSED   0x00000004   Data   RW         6512    .data               master.o
    0x200000a0   COMPRESSED   0x0000000c   Data   RW         6513    .data               master.o
    0x200000ac   COMPRESSED   0x00000001   Data   RW         6514    .data               master.o
    0x200000ad   COMPRESSED   0x00000003   PAD
    0x200000b0   COMPRESSED   0x0000000c   Data   RW         6515    .data               master.o
    0x200000bc   COMPRESSED   0x00000001   Data   RW         6516    .data               master.o
    0x200000bd   COMPRESSED   0x00000003   PAD
    0x200000c0   COMPRESSED   0x00000004   Data   RW         6517    .data               master.o
    0x200000c4   COMPRESSED   0x00000004   Data   RW         6520    .data               master.o
    0x200000c8   COMPRESSED   0x00000004   Data   RW         6521    .data               master.o
    0x200000cc   COMPRESSED   0x00000002   Data   RW         6522    .data               master.o
    0x200000ce   COMPRESSED   0x00000001   Data   RW         6523    .data               master.o
    0x200000cf   COMPRESSED   0x00000001   PAD
    0x200000d0   COMPRESSED   0x00000004   Data   RW         6524    .data               master.o
    0x200000d4   COMPRESSED   0x00000001   Data   RW         6525    .data               master.o
    0x200000d5   COMPRESSED   0x00000003   PAD
    0x200000d8   COMPRESSED   0x00000004   Data   RW         6526    .data               master.o
    0x200000dc   COMPRESSED   0x00000002   Data   RW         6527    .data               master.o
    0x200000de   COMPRESSED   0x00000002   PAD
    0x200000e0   COMPRESSED   0x00000004   Data   RW         6528    .data               master.o
    0x200000e4   COMPRESSED   0x0000000c   Data   RW         6529    .data               master.o
    0x200000f0   COMPRESSED   0x00000001   Data   RW         6530    .data               master.o
    0x200000f1   COMPRESSED   0x00000003   PAD
    0x200000f4   COMPRESSED   0x00000004   Data   RW         6531    .data               master.o
    0x200000f8   COMPRESSED   0x00000004   Data   RW         6532    .data               master.o
    0x200000fc   COMPRESSED   0x00000004   Data   RW         6533    .data               master.o
    0x20000100   COMPRESSED   0x00000004   Data   RW         6534    .data               master.o
    0x20000104   COMPRESSED   0x0000003c   Data   RW         6535    .data               master.o
    0x20000140   COMPRESSED   0x00000001   Data   RW         6536    .data               master.o
    0x20000141   COMPRESSED   0x00000003   PAD
    0x20000144   COMPRESSED   0x00000004   Data   RW         6537    .data               master.o
    0x20000148   COMPRESSED   0x00000004   Data   RW         6538    .data               master.o
    0x2000014c   COMPRESSED   0x00000001   Data   RW         6539    .data               master.o
    0x2000014d   COMPRESSED   0x00000003   PAD
    0x20000150   COMPRESSED   0x00000030   Data   RW         6540    .data               master.o
    0x20000180   COMPRESSED   0x00000001   Data   RW         6541    .data               master.o
    0x20000181   COMPRESSED   0x00000003   PAD
    0x20000184   COMPRESSED   0x00000004   Data   RW         6542    .data               master.o
    0x20000188   COMPRESSED   0x00000001   Data   RW         6543    .data               master.o
    0x20000189   COMPRESSED   0x00000001   PAD
    0x2000018a   COMPRESSED   0x00000002   Data   RW         6544    .data               master.o
    0x2000018c   COMPRESSED   0x00000001   Data   RW         6545    .data               master.o
    0x2000018d   COMPRESSED   0x00000001   PAD
    0x2000018e   COMPRESSED   0x00000002   Data   RW         6546    .data               master.o
    0x20000190   COMPRESSED   0x00000001   Data   RW         6547    .data               master.o
    0x20000191   COMPRESSED   0x00000003   PAD
    0x20000194   COMPRESSED   0x00000054   Data   RW         6548    .data               master.o
    0x200001e8   COMPRESSED   0x00000001   Data   RW         6549    .data               master.o
    0x200001e9   COMPRESSED   0x00000003   PAD
    0x200001ec   COMPRESSED   0x00000004   Data   RW         6550    .data               master.o
    0x200001f0   COMPRESSED   0x00000001   Data   RW         6551    .data               master.o
    0x200001f1   COMPRESSED   0x00000001   PAD
    0x200001f2   COMPRESSED   0x00000002   Data   RW         6552    .data               master.o
    0x200001f4   COMPRESSED   0x00000001   Data   RW         6553    .data               master.o
    0x200001f5   COMPRESSED   0x00000001   PAD
    0x200001f6   COMPRESSED   0x00000002   Data   RW         6554    .data               master.o
    0x200001f8   COMPRESSED   0x00000001   Data   RW         6555    .data               master.o
    0x200001f9   COMPRESSED   0x00000003   PAD
    0x200001fc   COMPRESSED   0x00000054   Data   RW         6556    .data               master.o
    0x20000250   COMPRESSED   0x00000001   Data   RW         6557    .data               master.o
    0x20000251   COMPRESSED   0x00000003   PAD
    0x20000254   COMPRESSED   0x00000004   Data   RW         6558    .data               master.o
    0x20000258   COMPRESSED   0x00000001   Data   RW         6559    .data               master.o
    0x20000259   COMPRESSED   0x00000001   PAD
    0x2000025a   COMPRESSED   0x00000002   Data   RW         6560    .data               master.o
    0x2000025c   COMPRESSED   0x00000001   Data   RW         6561    .data               master.o
    0x2000025d   COMPRESSED   0x00000001   PAD
    0x2000025e   COMPRESSED   0x00000002   Data   RW         6562    .data               master.o
    0x20000260   COMPRESSED   0x00000001   Data   RW         6563    .data               master.o
    0x20000261   COMPRESSED   0x00000003   PAD
    0x20000264   COMPRESSED   0x00000054   Data   RW         6564    .data               master.o
    0x200002b8   COMPRESSED   0x00000001   Data   RW         6565    .data               master.o
    0x200002b9   COMPRESSED   0x00000003   PAD
    0x200002bc   COMPRESSED   0x00000004   Data   RW         6566    .data               master.o
    0x200002c0   COMPRESSED   0x00000001   Data   RW         6567    .data               master.o
    0x200002c1   COMPRESSED   0x00000001   PAD
    0x200002c2   COMPRESSED   0x00000002   Data   RW         6568    .data               master.o
    0x200002c4   COMPRESSED   0x00000001   Data   RW         6569    .data               master.o
    0x200002c5   COMPRESSED   0x00000001   PAD
    0x200002c6   COMPRESSED   0x00000002   Data   RW         6570    .data               master.o
    0x200002c8   COMPRESSED   0x00000001   Data   RW         6571    .data               master.o
    0x200002c9   COMPRESSED   0x00000003   PAD
    0x200002cc   COMPRESSED   0x00000054   Data   RW         6572    .data               master.o
    0x20000320   COMPRESSED   0x00000001   Data   RW         6573    .data               master.o
    0x20000321   COMPRESSED   0x00000003   PAD
    0x20000324   COMPRESSED   0x00000004   Data   RW         6574    .data               master.o
    0x20000328   COMPRESSED   0x00000001   Data   RW         6575    .data               master.o
    0x20000329   COMPRESSED   0x00000001   PAD
    0x2000032a   COMPRESSED   0x00000002   Data   RW         6576    .data               master.o
    0x2000032c   COMPRESSED   0x00000001   Data   RW         6577    .data               master.o
    0x2000032d   COMPRESSED   0x00000001   PAD
    0x2000032e   COMPRESSED   0x00000002   Data   RW         6578    .data               master.o
    0x20000330   COMPRESSED   0x00000001   Data   RW         6579    .data               master.o
    0x20000331   COMPRESSED   0x00000003   PAD
    0x20000334   COMPRESSED   0x00000054   Data   RW         6580    .data               master.o
    0x20000388   COMPRESSED   0x00000001   Data   RW         6581    .data               master.o
    0x20000389   COMPRESSED   0x00000003   PAD
    0x2000038c   COMPRESSED   0x00000004   Data   RW         6582    .data               master.o
    0x20000390   COMPRESSED   0x00000001   Data   RW         6583    .data               master.o
    0x20000391   COMPRESSED   0x00000001   PAD
    0x20000392   COMPRESSED   0x00000002   Data   RW         6584    .data               master.o
    0x20000394   COMPRESSED   0x00000001   Data   RW         6585    .data               master.o
    0x20000395   COMPRESSED   0x00000001   PAD
    0x20000396   COMPRESSED   0x00000002   Data   RW         6586    .data               master.o
    0x20000398   COMPRESSED   0x00000001   Data   RW         6587    .data               master.o
    0x20000399   COMPRESSED   0x00000003   PAD
    0x2000039c   COMPRESSED   0x00000054   Data   RW         6588    .data               master.o
    0x200003f0   COMPRESSED   0x00000001   Data   RW         6589    .data               master.o
    0x200003f1   COMPRESSED   0x00000003   PAD
    0x200003f4   COMPRESSED   0x00000004   Data   RW         6590    .data               master.o
    0x200003f8   COMPRESSED   0x00000001   Data   RW         6591    .data               master.o
    0x200003f9   COMPRESSED   0x00000001   PAD
    0x200003fa   COMPRESSED   0x00000002   Data   RW         6592    .data               master.o
    0x200003fc   COMPRESSED   0x00000001   Data   RW         6593    .data               master.o
    0x200003fd   COMPRESSED   0x00000001   PAD
    0x200003fe   COMPRESSED   0x00000002   Data   RW         6594    .data               master.o
    0x20000400   COMPRESSED   0x00000001   Data   RW         6595    .data               master.o
    0x20000401   COMPRESSED   0x00000003   PAD
    0x20000404   COMPRESSED   0x00000054   Data   RW         6596    .data               master.o
    0x20000458   COMPRESSED   0x00000001   Data   RW         6597    .data               master.o
    0x20000459   COMPRESSED   0x00000003   PAD
    0x2000045c   COMPRESSED   0x00000004   Data   RW         6598    .data               master.o
    0x20000460   COMPRESSED   0x00000001   Data   RW         6599    .data               master.o
    0x20000461   COMPRESSED   0x00000001   PAD
    0x20000462   COMPRESSED   0x00000002   Data   RW         6600    .data               master.o
    0x20000464   COMPRESSED   0x00000001   Data   RW         6601    .data               master.o
    0x20000465   COMPRESSED   0x00000001   PAD
    0x20000466   COMPRESSED   0x00000002   Data   RW         6602    .data               master.o
    0x20000468   COMPRESSED   0x00000001   Data   RW         6603    .data               master.o
    0x20000469   COMPRESSED   0x00000003   PAD
    0x2000046c   COMPRESSED   0x00000054   Data   RW         6604    .data               master.o
    0x200004c0   COMPRESSED   0x00000001   Data   RW         6605    .data               master.o
    0x200004c1   COMPRESSED   0x00000003   PAD
    0x200004c4   COMPRESSED   0x00000004   Data   RW         6606    .data               master.o
    0x200004c8   COMPRESSED   0x00000001   Data   RW         6607    .data               master.o
    0x200004c9   COMPRESSED   0x00000001   PAD
    0x200004ca   COMPRESSED   0x00000002   Data   RW         6608    .data               master.o
    0x200004cc   COMPRESSED   0x00000001   Data   RW         6609    .data               master.o
    0x200004cd   COMPRESSED   0x00000001   PAD
    0x200004ce   COMPRESSED   0x00000002   Data   RW         6610    .data               master.o
    0x200004d0   COMPRESSED   0x00000001   Data   RW         6611    .data               master.o
    0x200004d1   COMPRESSED   0x00000003   PAD
    0x200004d4   COMPRESSED   0x00000054   Data   RW         6612    .data               master.o
    0x20000528   COMPRESSED   0x00000001   Data   RW         6613    .data               master.o
    0x20000529   COMPRESSED   0x00000003   PAD
    0x2000052c   COMPRESSED   0x00000004   Data   RW         6614    .data               master.o
    0x20000530   COMPRESSED   0x00000001   Data   RW         6615    .data               master.o
    0x20000531   COMPRESSED   0x00000001   PAD
    0x20000532   COMPRESSED   0x00000002   Data   RW         6616    .data               master.o
    0x20000534   COMPRESSED   0x00000001   Data   RW         6617    .data               master.o
    0x20000535   COMPRESSED   0x00000001   PAD
    0x20000536   COMPRESSED   0x00000002   Data   RW         6618    .data               master.o
    0x20000538   COMPRESSED   0x00000001   Data   RW         6619    .data               master.o
    0x20000539   COMPRESSED   0x00000003   PAD
    0x2000053c   COMPRESSED   0x00000054   Data   RW         6620    .data               master.o
    0x20000590   COMPRESSED   0x00000001   Data   RW         6621    .data               master.o
    0x20000591   COMPRESSED   0x00000003   PAD
    0x20000594   COMPRESSED   0x00000004   Data   RW         6622    .data               master.o
    0x20000598   COMPRESSED   0x00000001   Data   RW         6623    .data               master.o
    0x20000599   COMPRESSED   0x00000001   PAD
    0x2000059a   COMPRESSED   0x00000002   Data   RW         6624    .data               master.o
    0x2000059c   COMPRESSED   0x00000001   Data   RW         6625    .data               master.o
    0x2000059d   COMPRESSED   0x00000001   PAD
    0x2000059e   COMPRESSED   0x00000002   Data   RW         6626    .data               master.o
    0x200005a0   COMPRESSED   0x00000001   Data   RW         6627    .data               master.o
    0x200005a1   COMPRESSED   0x00000003   PAD
    0x200005a4   COMPRESSED   0x00000054   Data   RW         6628    .data               master.o
    0x200005f8   COMPRESSED   0x00000001   Data   RW         6629    .data               master.o
    0x200005f9   COMPRESSED   0x00000003   PAD
    0x200005fc   COMPRESSED   0x00000010   Data   RW         6630    .data               master.o
    0x2000060c   COMPRESSED   0x0000003c   Data   RW         6631    .data               master.o
    0x20000648   COMPRESSED   0x00000001   Data   RW         6632    .data               master.o
    0x20000649   COMPRESSED   0x00000003   PAD
    0x2000064c   COMPRESSED   0x00000010   Data   RW         6633    .data               master.o
    0x2000065c   COMPRESSED   0x0000003c   Data   RW         6634    .data               master.o
    0x20000698   COMPRESSED   0x00000001   Data   RW         6635    .data               master.o
    0x20000699   COMPRESSED   0x00000003   PAD
    0x2000069c   COMPRESSED   0x00000010   Data   RW         6636    .data               master.o
    0x200006ac   COMPRESSED   0x0000003c   Data   RW         6637    .data               master.o
    0x200006e8   COMPRESSED   0x00000001   Data   RW         6638    .data               master.o
    0x200006e9   COMPRESSED   0x00000003   PAD
    0x200006ec   COMPRESSED   0x00000010   Data   RW         6639    .data               master.o
    0x200006fc   COMPRESSED   0x0000003c   Data   RW         6640    .data               master.o
    0x20000738   COMPRESSED   0x00000001   Data   RW         6641    .data               master.o
    0x20000739   COMPRESSED   0x00000003   PAD
    0x2000073c   COMPRESSED   0x0000000c   Data   RW         6642    .data               master.o
    0x20000748   COMPRESSED   0x00000030   Data   RW         6643    .data               master.o
    0x20000778   COMPRESSED   0x00000001   Data   RW         6644    .data               master.o
    0x20000779   COMPRESSED   0x00000003   PAD
    0x2000077c   COMPRESSED   0x00000008   Data   RW         6645    .data               master.o
    0x20000784   COMPRESSED   0x00000024   Data   RW         6646    .data               master.o
    0x200007a8   COMPRESSED   0x00000001   Data   RW         6647    .data               master.o
    0x200007a9   COMPRESSED   0x00000003   PAD
    0x200007ac   COMPRESSED   0x00000010   Data   RW         6648    .data               master.o
    0x200007bc   COMPRESSED   0x0000003c   Data   RW         6649    .data               master.o
    0x200007f8   COMPRESSED   0x00000001   Data   RW         6650    .data               master.o
    0x200007f9   COMPRESSED   0x00000003   PAD
    0x200007fc   COMPRESSED   0x00000010   Data   RW         6651    .data               master.o
    0x2000080c   COMPRESSED   0x0000003c   Data   RW         6652    .data               master.o
    0x20000848   COMPRESSED   0x00000001   Data   RW         6653    .data               master.o
    0x20000849   COMPRESSED   0x00000003   PAD
    0x2000084c   COMPRESSED   0x00000010   Data   RW         6654    .data               master.o
    0x2000085c   COMPRESSED   0x0000003c   Data   RW         6655    .data               master.o
    0x20000898   COMPRESSED   0x00000001   Data   RW         6656    .data               master.o
    0x20000899   COMPRESSED   0x00000003   PAD
    0x2000089c   COMPRESSED   0x00000010   Data   RW         6657    .data               master.o
    0x200008ac   COMPRESSED   0x0000003c   Data   RW         6658    .data               master.o
    0x200008e8   COMPRESSED   0x00000001   Data   RW         6659    .data               master.o
    0x200008e9   COMPRESSED   0x00000003   PAD
    0x200008ec   COMPRESSED   0x00000010   Data   RW         6660    .data               master.o
    0x200008fc   COMPRESSED   0x0000003c   Data   RW         6661    .data               master.o
    0x20000938   COMPRESSED   0x00000001   Data   RW         6662    .data               master.o
    0x20000939   COMPRESSED   0x00000003   PAD
    0x2000093c   COMPRESSED   0x000000cc   Data   RW         6663    .data               master.o
    0x20000a08   COMPRESSED   0x00000001   Data   RW         6664    .data               master.o
    0x20000a09   COMPRESSED   0x00000003   PAD
    0x20000a0c   COMPRESSED   0x00000030   Data   RW         6665    .data               master.o
    0x20000a3c   COMPRESSED   0x00000001   Data   RW         6666    .data               master.o
    0x20000a3d   COMPRESSED   0x00000003   PAD
    0x20000a40   COMPRESSED   0x00000024   Data   RW         6667    .data               master.o
    0x20000a64   COMPRESSED   0x00000001   Data   RW         6668    .data               master.o
    0x20000a65   COMPRESSED   0x00000003   PAD
    0x20000a68   COMPRESSED   0x0000003c   Data   RW         6669    .data               master.o
    0x20000aa4   COMPRESSED   0x00000001   Data   RW         6670    .data               master.o
    0x20000aa5   COMPRESSED   0x00000003   PAD
    0x20000aa8   COMPRESSED   0x00000024   Data   RW         6671    .data               master.o
    0x20000acc   COMPRESSED   0x00000001   Data   RW         6672    .data               master.o
    0x20000acd   COMPRESSED   0x00000003   PAD
    0x20000ad0   COMPRESSED   0x0000003c   Data   RW         6673    .data               master.o
    0x20000b0c   COMPRESSED   0x00000001   Data   RW         6674    .data               master.o
    0x20000b0d   COMPRESSED   0x00000003   PAD
    0x20000b10   COMPRESSED   0x0000003c   Data   RW         6675    .data               master.o
    0x20000b4c   COMPRESSED   0x00000001   Data   RW         6676    .data               master.o
    0x20000b4d   COMPRESSED   0x00000003   PAD
    0x20000b50   COMPRESSED   0x0000003c   Data   RW         6677    .data               master.o
    0x20000b8c   COMPRESSED   0x00000001   Data   RW         6678    .data               master.o
    0x20000b8d   COMPRESSED   0x00000003   PAD
    0x20000b90   COMPRESSED   0x0000003c   Data   RW         6679    .data               master.o
    0x20000bcc   COMPRESSED   0x00000012   Data   RW         6680    .data               master.o
    0x20000bde   COMPRESSED   0x00000002   PAD
    0x20000be0   COMPRESSED   0x0000023c   Data   RW         6681    .data               master.o
    0x20000e1c   COMPRESSED   0x00000002   Data   RW         6682    .data               master.o
    0x20000e1e   COMPRESSED   0x00000002   PAD
    0x20000e20   COMPRESSED   0x00000004   Data   RW         6990    .data               mc_w.l(stdout.o)
    0x20000e24        -       0x0000000a   Zero   RW         5494    .bss                variable.o
    0x20000e2e   COMPRESSED   0x00000002   PAD
    0x20000e30        -       0x00000064   Zero   RW         5495    .bss                variable.o
    0x20000e94        -       0x000000c0   Zero   RW         6335    .bss                timer.o
    0x20000f54   COMPRESSED   0x00000004   PAD
    0x20000f58        -       0x00000400   Zero   RW            1    STACK               startup_stm32f429_439xx.o


==============================================================================

Image component sizes


      Code (inc. data)   RO Data    RW Data    ZI Data      Debug   Object Name

       188         16          0          0          0       1229   bsp_debug_usart.o
       904        200          0         26          0       4633   bsp_drive_can.o
        94          8          0          0          0       1421   bsp_key.o
       148         14          0          0          0        586   bsp_led.o
        80         12          0          4          0      28058   bsp_systick.o
       564         36          0          4          0       2792   can1.o
       274        114          0          0          0       2792   emcy.o
      1500        478          0          0          0       9780   lifegrd.o
        44          4          0          0          0      13091   main.o
       384         38        315       3352          0      18158   master.o
       104          6          0          0          0       1180   misc.o
       320        172          0          0          0       1400   nmtmaster.o
       448        160          0          0          0       1590   nmtslave.o
      1518        598          0          0          0       6030   objacces.o
      3958       1126         68          0          0      11470   pdo.o
     17220       4574       1742          0          0      30925   sdo.o
        36          8        428          0       1024        932   startup_stm32f429_439xx.o
      1442        322         64          0          0       6882   states.o
       892         14          0          0          0       6194   stm32f4xx_can.o
       178          0          0          0          0       3763   stm32f4xx_gpio.o
        80          4          0          0          0       3938   stm32f4xx_it.o
       276         40          0         16          0       5696   stm32f4xx_rcc.o
       196         28          0          0          0       5110   stm32f4xx_tim.o
       234          8          0          0          0       3656   stm32f4xx_usart.o
       462        156          0          0          0       4742   sync.o
       292         34          0         20          0     304749   system_stm32f4xx.o
       448        100          0          8        192       3778   timer.o
       260         36          0          8          0       2546   timer3.o
         0          0          0          0        110       3308   variable.o

    ----------------------------------------------------------------------
     32580       8306       2656       3616       1332     490429   Object Totals
         0          0         32          0          0          0   (incl. Generated)
        36          0          7        178          6          0   (incl. Padding)

    ----------------------------------------------------------------------

      Code (inc. data)   RO Data    RW Data    ZI Data      Debug   Library Member Name

        86          0          0          0          0          0   __dczerorl2.o
         0          0          0          0          0          0   entry.o
         0          0          0          0          0          0   entry10a.o
         0          0          0          0          0          0   entry11a.o
         8          4          0          0          0          0   entry2.o
         4          0          0          0          0          0   entry5.o
         0          0          0          0          0          0   entry7b.o
         0          0          0          0          0          0   entry8b.o
         8          4          0          0          0          0   entry9a.o
        30          0          0          0          0          0   handlers.o
        36          8          0          0          0         68   init.o
        30          0          0          0          0         68   llshl.o
        32          0          0          0          0         68   llushr.o
        26          0          0          0          0         80   memcmp.o
        36          0          0          0          0         68   memcpya.o
        36          0          0          0          0        108   memseta.o
       736         56          0          0          0        184   printf5.o
         0          0          0          4          0          0   stdout.o
        98          0          0          0          0         92   uldiv.o

    ----------------------------------------------------------------------
      1168         72          0          4          0        736   Library Totals
         2          0          0          0          0          0   (incl. Padding)

    ----------------------------------------------------------------------

      Code (inc. data)   RO Data    RW Data    ZI Data      Debug   Library Name

      1166         72          0          4          0        736   mc_w.l

    ----------------------------------------------------------------------
      1168         72          0          4          0        736   Library Totals

    ----------------------------------------------------------------------

==============================================================================


      Code (inc. data)   RO Data    RW Data    ZI Data      Debug   

     33748       8378       2656       3620       1332     483857   Grand Totals
     33748       8378       2656       1072       1332     483857   ELF Image Totals (compressed)
     33748       8378       2656       1072          0          0   ROM Totals

==============================================================================

    Total RO  Size (Code + RO Data)                36404 (  35.55kB)
    Total RW  Size (RW Data + ZI Data)              4952 (   4.84kB)
    Total ROM Size (Code + RO Data + RW Data)      37476 (  36.60kB)

==============================================================================

